../Core/Src/main.c:136:5:main	16	static
../Core/Src/main.c:256:6:SystemClock_Config	72	static
../Core/Src/main.c:296:13:MX_TIM1_Init	56	static
../Core/Src/main.c:348:13:MX_TIM2_Init	48	static
../Core/Src/main.c:420:13:MX_TIM3_Init	64	static
../Core/Src/main.c:485:13:MX_TIM4_Init	64	static
../Core/Src/main.c:550:13:MX_TIM6_Init	16	static
../Core/Src/main.c:590:13:MX_TIM7_Init	16	static
../Core/Src/main.c:632:13:MX_TIM8_Init	56	static
../Core/Src/main.c:684:13:MX_USART1_UART_Init	8	static
../Core/Src/main.c:723:13:MX_USART2_UART_Init	8	static
../Core/Src/main.c:760:13:MX_USART3_UART_Init	8	static
../Core/Src/main.c:795:13:MX_DMA_Init	16	static
../Core/Src/main.c:813:13:MX_GPIO_Init	48	static
../Core/Src/main.c:872:6:HAL_UART_RxCpltCallback	16	static
../Core/Src/main.c:887:6:HAL_TIM_IC_CaptureCallback	16	static
../Core/Src/main.c:901:6:HAL_TIM_PeriodElapsedCallback	16	static
../Core/Src/main.c:934:6:Error_Handler	4	static,ignoring_inline_asm
