../Core/Src/stm32f1xx_it.c:82:6:NMI_Handler	4	static
../Core/Src/stm32f1xx_it.c:97:6:HardFault_Handler	4	static
../Core/Src/stm32f1xx_it.c:112:6:MemManage_Handler	4	static
../Core/Src/stm32f1xx_it.c:127:6:BusFault_Handler	4	static
../Core/Src/stm32f1xx_it.c:142:6:UsageFault_Handler	4	static
../Core/Src/stm32f1xx_it.c:157:6:SVC_Handler	4	static
../Core/Src/stm32f1xx_it.c:170:6:DebugMon_Handler	4	static
../Core/Src/stm32f1xx_it.c:183:6:PendSV_Handler	4	static
../Core/Src/stm32f1xx_it.c:196:6:SysTick_Handler	8	static
../Core/Src/stm32f1xx_it.c:217:6:DMA1_Channel3_IRQHandler	8	static
../Core/Src/stm32f1xx_it.c:231:6:TIM2_IRQHandler	8	static
../Core/Src/stm32f1xx_it.c:245:6:USART1_IRQHandler	8	static
../Core/Src/stm32f1xx_it.c:261:6:USART2_IRQHandler	8	static
../Core/Src/stm32f1xx_it.c:277:6:USART3_IRQHandler	16	static
../Core/Src/stm32f1xx_it.c:301:6:TIM6_IRQHandler	8	static
../Core/Src/stm32f1xx_it.c:315:6:TIM7_IRQHandler	8	static
