Archive member included to satisfy reference by file (symbol)

e:/stm32cubeide/stm32cubeide/plugins/com.st.stm32cube.ide.mcu.externaltools.gnu-tools-for-stm32.10.3-2021.10.win32_1.0.0.202111181127/tools/bin/../lib/gcc/arm-none-eabi/10.3.1/../../../../arm-none-eabi/lib/thumb/v7-m/nofp\libc_nano.a(lib_a-errno.o)
                              ./Core/Src/syscalls.o (__errno)
e:/stm32cubeide/stm32cubeide/plugins/com.st.stm32cube.ide.mcu.externaltools.gnu-tools-for-stm32.10.3-2021.10.win32_1.0.0.202111181127/tools/bin/../lib/gcc/arm-none-eabi/10.3.1/../../../../arm-none-eabi/lib/thumb/v7-m/nofp\libc_nano.a(lib_a-exit.o)
                              e:/stm32cubeide/stm32cubeide/plugins/com.st.stm32cube.ide.mcu.externaltools.gnu-tools-for-stm32.10.3-2021.10.win32_1.0.0.202111181127/tools/bin/../lib/gcc/arm-none-eabi/10.3.1/../../../../arm-none-eabi/lib/thumb/v7-m/nofp/crt0.o (exit)
e:/stm32cubeide/stm32cubeide/plugins/com.st.stm32cube.ide.mcu.externaltools.gnu-tools-for-stm32.10.3-2021.10.win32_1.0.0.202111181127/tools/bin/../lib/gcc/arm-none-eabi/10.3.1/../../../../arm-none-eabi/lib/thumb/v7-m/nofp\libc_nano.a(lib_a-impure.o)
                              e:/stm32cubeide/stm32cubeide/plugins/com.st.stm32cube.ide.mcu.externaltools.gnu-tools-for-stm32.10.3-2021.10.win32_1.0.0.202111181127/tools/bin/../lib/gcc/arm-none-eabi/10.3.1/../../../../arm-none-eabi/lib/thumb/v7-m/nofp\libc_nano.a(lib_a-exit.o) (_global_impure_ptr)
e:/stm32cubeide/stm32cubeide/plugins/com.st.stm32cube.ide.mcu.externaltools.gnu-tools-for-stm32.10.3-2021.10.win32_1.0.0.202111181127/tools/bin/../lib/gcc/arm-none-eabi/10.3.1/../../../../arm-none-eabi/lib/thumb/v7-m/nofp\libc_nano.a(lib_a-init.o)
                              e:/stm32cubeide/stm32cubeide/plugins/com.st.stm32cube.ide.mcu.externaltools.gnu-tools-for-stm32.10.3-2021.10.win32_1.0.0.202111181127/tools/bin/../lib/gcc/arm-none-eabi/10.3.1/../../../../arm-none-eabi/lib/thumb/v7-m/nofp/crt0.o (__libc_init_array)
e:/stm32cubeide/stm32cubeide/plugins/com.st.stm32cube.ide.mcu.externaltools.gnu-tools-for-stm32.10.3-2021.10.win32_1.0.0.202111181127/tools/bin/../lib/gcc/arm-none-eabi/10.3.1/../../../../arm-none-eabi/lib/thumb/v7-m/nofp\libc_nano.a(lib_a-memcpy-stub.o)
                              ./Core/Src/JY901.o (memcpy)
e:/stm32cubeide/stm32cubeide/plugins/com.st.stm32cube.ide.mcu.externaltools.gnu-tools-for-stm32.10.3-2021.10.win32_1.0.0.202111181127/tools/bin/../lib/gcc/arm-none-eabi/10.3.1/../../../../arm-none-eabi/lib/thumb/v7-m/nofp\libc_nano.a(lib_a-memset.o)
                              e:/stm32cubeide/stm32cubeide/plugins/com.st.stm32cube.ide.mcu.externaltools.gnu-tools-for-stm32.10.3-2021.10.win32_1.0.0.202111181127/tools/bin/../lib/gcc/arm-none-eabi/10.3.1/../../../../arm-none-eabi/lib/thumb/v7-m/nofp/crt0.o (memset)
e:/stm32cubeide/stm32cubeide/plugins/com.st.stm32cube.ide.mcu.externaltools.gnu-tools-for-stm32.10.3-2021.10.win32_1.0.0.202111181127/tools/bin/../lib/gcc/arm-none-eabi/10.3.1/../../../../arm-none-eabi/lib/thumb/v7-m/nofp\libc_nano.a(lib_a-nano-vfprintf_float.o)
                              (_printf_float)
e:/stm32cubeide/stm32cubeide/plugins/com.st.stm32cube.ide.mcu.externaltools.gnu-tools-for-stm32.10.3-2021.10.win32_1.0.0.202111181127/tools/bin/../lib/gcc/arm-none-eabi/10.3.1/../../../../arm-none-eabi/lib/thumb/v7-m/nofp\libc_nano.a(lib_a-nano-vfprintf_i.o)
                              e:/stm32cubeide/stm32cubeide/plugins/com.st.stm32cube.ide.mcu.externaltools.gnu-tools-for-stm32.10.3-2021.10.win32_1.0.0.202111181127/tools/bin/../lib/gcc/arm-none-eabi/10.3.1/../../../../arm-none-eabi/lib/thumb/v7-m/nofp\libc_nano.a(lib_a-nano-vfprintf_float.o) (_printf_common)
e:/stm32cubeide/stm32cubeide/plugins/com.st.stm32cube.ide.mcu.externaltools.gnu-tools-for-stm32.10.3-2021.10.win32_1.0.0.202111181127/tools/bin/../lib/gcc/arm-none-eabi/10.3.1/../../../../arm-none-eabi/lib/thumb/v7-m/nofp\libc_nano.a(lib_a-nano-vfscanf_float.o)
                              (_scanf_float)
e:/stm32cubeide/stm32cubeide/plugins/com.st.stm32cube.ide.mcu.externaltools.gnu-tools-for-stm32.10.3-2021.10.win32_1.0.0.202111181127/tools/bin/../lib/gcc/arm-none-eabi/10.3.1/../../../../arm-none-eabi/lib/thumb/v7-m/nofp\libc_nano.a(lib_a-sf_nan.o)
                              e:/stm32cubeide/stm32cubeide/plugins/com.st.stm32cube.ide.mcu.externaltools.gnu-tools-for-stm32.10.3-2021.10.win32_1.0.0.202111181127/tools/bin/../lib/gcc/arm-none-eabi/10.3.1/../../../../arm-none-eabi/lib/thumb/v7-m/nofp\libc_nano.a(lib_a-nano-vfscanf_float.o) (nanf)
e:/stm32cubeide/stm32cubeide/plugins/com.st.stm32cube.ide.mcu.externaltools.gnu-tools-for-stm32.10.3-2021.10.win32_1.0.0.202111181127/tools/bin/../lib/gcc/arm-none-eabi/10.3.1/../../../../arm-none-eabi/lib/thumb/v7-m/nofp\libc_nano.a(lib_a-sprintf.o)
                              ./Core/Src/control.o (sprintf)
[...]
Memory Configuration

Name             Origin             Length             Attributes
RAM              0x0000000020000000 0x0000000000010000 xrw
FLASH            0x0000000008000000 0x0000000000080000 xr
*default*        0x0000000000000000 0xffffffffffffffff

Linker script and memory map

LOAD e:/stm32cubeide/stm32cubeide/plugins/com.st.stm32cube.ide.mcu.externaltools.gnu-tools-for-stm32.10.3-2021.10.win32_1.0.0.202111181127/tools/bin/../lib/gcc/arm-none-eabi/10.3.1/thumb/v7-m/nofp/crti.o
LOAD e:/stm32cubeide/stm32cubeide/plugins/com.st.stm32cube.ide.mcu.externaltools.gnu-tools-for-stm32.10.3-2021.10.win32_1.0.0.202111181127/tools/bin/../lib/gcc/arm-none-eabi/10.3.1/thumb/v7-m/nofp/crtbegin.o
LOAD e:/stm32cubeide/stm32cubeide/plugins/com.st.stm32cube.ide.mcu.externaltools.gnu-tools-for-stm32.10.3-2021.10.win32_1.0.0.202111181127/tools/bin/../lib/gcc/arm-none-eabi/10.3.1/../../../../arm-none-eabi/lib/thumb/v7-m/nofp/crt0.o
LOAD ./Core/Src/JY901.o
LOAD ./Core/Src/buffer.o
LOAD ./Core/Src/control.o
LOAD ./Core/Src/encoder.o
LOAD ./Core/Src/main.o
LOAD ./Core/Src/pid.o
LOAD ./Core/Src/servo.o
LOAD ./Core/Src/stm32f1xx_hal_msp.o
LOAD ./Core/Src/stm32f1xx_it.o
LOAD ./Core/Src/syscalls.o
LOAD ./Core/Src/sysmem.o
LOAD ./Core/Src/system_stm32f1xx.o
LOAD ./Core/Src/timer.o
LOAD ./Core/Src/ultrasound.o
LOAD ./Core/Src/utils.o
LOAD ./Core/Src/wheel.o
LOAD ./Core/Startup/startup_stm32f103vetx.o
LOAD ./Drivers/STM32F1xx_HAL_Driver/stm32f1xx_hal.o
LOAD ./Drivers/STM32F1xx_HAL_Driver/stm32f1xx_hal_cortex.o
LOAD ./Drivers/STM32F1xx_HAL_Driver/stm32f1xx_hal_dma.o
LOAD ./Drivers/STM32F1xx_HAL_Driver/stm32f1xx_hal_exti.o
LOAD ./Drivers/STM32F1xx_HAL_Driver/stm32f1xx_hal_flash.o
LOAD ./Drivers/STM32F1xx_HAL_Driver/stm32f1xx_hal_flash_ex.o
LOAD ./Drivers/STM32F1xx_HAL_Driver/stm32f1xx_hal_gpio.o
LOAD ./Drivers/STM32F1xx_HAL_Driver/stm32f1xx_hal_gpio_ex.o
LOAD ./Drivers/STM32F1xx_HAL_Driver/stm32f1xx_hal_pwr.o
LOAD ./Drivers/STM32F1xx_HAL_Driver/stm32f1xx_hal_rcc.o
LOAD ./Drivers/STM32F1xx_HAL_Driver/stm32f1xx_hal_rcc_ex.o
LOAD ./Drivers/STM32F1xx_HAL_Driver/stm32f1xx_hal_tim.o
LOAD ./Drivers/STM32F1xx_HAL_Driver/stm32f1xx_hal_tim_ex.o
LOAD ./Drivers/STM32F1xx_HAL_Driver/stm32f1xx_hal_uart.o
START GROUP
LOAD e:/stm32cubeide/stm32cubeide/plugins/com.st.stm32cube.ide.mcu.externaltools.gnu-tools-for-stm32.10.3-2021.10.win32_1.0.0.202111181127/tools/bin/../lib/gcc/arm-none-eabi/10.3.1/../../../../arm-none-eabi/lib/thumb/v7-m/nofp\libc_nano.a
LOAD e:/stm32cubeide/stm32cubeide/plugins/com.st.stm32cube.ide.mcu.externaltools.gnu-tools-for-stm32.10.3-2021.10.win32_1.0.0.202111181127/tools/bin/../lib/gcc/arm-none-eabi/10.3.1/../../../../arm-none-eabi/lib/thumb/v7-m/nofp\libm.a
END GROUP
START GROUP
LOAD e:/stm32cubeide/stm32cubeide/plugins/com.st.stm32cube.ide.mcu.externaltools.gnu-tools-for-stm32.10.3-2021.10.win32_1.0.0.202111181127/tools/bin/../lib/gcc/arm-none-eabi/10.3.1/thumb/v7-m/nofp\libgcc.a
LOAD e:/stm32cubeide/stm32cubeide/plugins/com.st.stm32cube.ide.mcu.externaltools.gnu-tools-for-stm32.10.3-2021.10.win32_1.0.0.202111181127/tools/bin/../lib/gcc/arm-none-eabi/10.3.1/../../../../arm-none-eabi/lib/thumb/v7-m/nofp\libc_nano.a
END GROUP
START GROUP
LOAD e:/stm32cubeide/stm32cubeide/plugins/com.st.stm32cube.ide.mcu.externaltools.gnu-tools-for-stm32.10.3-2021.10.win32_1.0.0.202111181127/tools/bin/../lib/gcc/arm-none-eabi/10.3.1/thumb/v7-m/nofp\libgcc.a
LOAD e:/stm32cubeide/stm32cubeide/plugins/com.st.stm32cube.ide.mcu.externaltools.gnu-tools-for-stm32.10.3-2021.10.win32_1.0.0.202111181127/tools/bin/../lib/gcc/arm-none-eabi/10.3.1/../../../../arm-none-eabi/lib/thumb/v7-m/nofp\libc_nano.a
LOAD e:/stm32cubeide/stm32cubeide/plugins/com.st.stm32cube.ide.mcu.externaltools.gnu-tools-for-stm32.10.3-2021.10.win32_1.0.0.202111181127/tools/bin/../lib/gcc/arm-none-eabi/10.3.1/../../../../arm-none-eabi/lib/thumb/v7-m/nofp\libnosys.a
END GROUP
START GROUP
LOAD e:/stm32cubeide/stm32cubeide/plugins/com.st.stm32cube.ide.mcu.externaltools.gnu-tools-for-stm32.10.3-2021.10.win32_1.0.0.202111181127/tools/bin/../lib/gcc/arm-none-eabi/10.3.1/thumb/v7-m/nofp\libgcc.a
LOAD e:/stm32cubeide/stm32cubeide/plugins/com.st.stm32cube.ide.mcu.externaltools.gnu-tools-for-stm32.10.3-2021.10.win32_1.0.0.202111181127/tools/bin/../lib/gcc/arm-none-eabi/10.3.1/../../../../arm-none-eabi/lib/thumb/v7-m/nofp\libc_nano.a
LOAD e:/stm32cubeide/stm32cubeide/plugins/com.st.stm32cube.ide.mcu.externaltools.gnu-tools-for-stm32.10.3-2021.10.win32_1.0.0.202111181127/tools/bin/../lib/gcc/arm-none-eabi/10.3.1/../../../../arm-none-eabi/lib/thumb/v7-m/nofp\libnosys.a
END GROUP
LOAD e:/stm32cubeide/stm32cubeide/plugins/com.st.stm32cube.ide.mcu.externaltools.gnu-tools-for-stm32.10.3-2021.10.win32_1.0.0.202111181127/tools/bin/../lib/gcc/arm-none-eabi/10.3.1/thumb/v7-m/nofp/crtend.o
LOAD e:/stm32cubeide/stm32cubeide/plugins/com.st.stm32cube.ide.mcu.externaltools.gnu-tools-for-stm32.10.3-2021.10.win32_1.0.0.202111181127/tools/bin/../lib/gcc/arm-none-eabi/10.3.1/thumb/v7-m/nofp/crtn.o
                0x0000000020010000                _estack = (ORIGIN (RAM) + LENGTH (RAM))
                0x0000000000000200                _Min_Heap_Size = 0x200
                0x0000000000000400                _Min_Stack_Size = 0x400

.isr_vector     0x0000000008000000      0x1e4
                0x0000000008000000                . = ALIGN (0x4)
 *(.isr_vector)
 .isr_vector    0x0000000008000000      0x1e4 ./Core/Startup/startup_stm32f103vetx.o
                0x0000000008000000                g_pfnVectors
                0x00000000080001e4                . = ALIGN (0x4)

.text           0x00000000080001e8     0xca44
                0x00000000080001e8                . = ALIGN (0x4)
 *(.text)
 .text          0x00000000080001e8       0x40 e:/stm32cubeide/stm32cubeide/plugins/com.st.stm32cube.ide.mcu.externaltools.gnu-tools-for-stm32.10.3-2021.10.win32_1.0.0.202111181127/tools/bin/../lib/gcc/arm-none-eabi/10.3.1/thumb/v7-m/nofp/crtbegin.o
 .text          0x0000000008000228       0x10 e:/stm32cubeide/stm32cubeide/plugins/com.st.stm32cube.ide.mcu.externaltools.gnu-tools-for-stm32.10.3-2021.10.win32_1.0.0.202111181127/tools/bin/../lib/gcc/arm-none-eabi/10.3.1/../../../../arm-none-eabi/lib/thumb/v7-m/nofp\libc_nano.a(lib_a-strlen.o)
                0x0000000008000228                strlen
 .text          0x0000000008000238      0x168 e:/stm32cubeide/stm32cubeide/plugins/com.st.stm32cube.ide.mcu.externaltools.gnu-tools-for-stm32.10.3-2021.10.win32_1.0.0.202111181127/tools/bin/../lib/gcc/arm-none-eabi/10.3.1/thumb/v7-m/nofp\libgcc.a(_arm_mulsf3.o)
                0x0000000008000238                __aeabi_fmul
                0x0000000008000238                __mulsf3
 .text          0x00000000080003a0      0x378 e:/stm32cubeide/stm32cubeide/plugins/com.st.stm32cube.ide.mcu.externaltools.gnu-tools-for-stm32.10.3-2021.10.win32_1.0.0.202111181127/tools/bin/../lib/gcc/arm-none-eabi/10.3.1/thumb/v7-m/nofp\libgcc.a(_arm_addsubdf3.o)
                0x00000000080003a0                __aeabi_drsub
                0x00000000080003a8                __aeabi_dsub
                0x00000000080003a8                __subdf3
                0x00000000080003ac                __aeabi_dadd
                0x00000000080003ac                __adddf3
                0x0000000008000624                __floatunsidf
                0x0000000008000624                __aeabi_ui2d
                0x0000000008000644                __floatsidf
                0x0000000008000644                __aeabi_i2d
                0x0000000008000668                __aeabi_f2d
                0x0000000008000668                __extendsfdf2
                0x00000000080006ac                __floatundidf
                0x00000000080006ac                __aeabi_ul2d
                0x00000000080006bc                __floatdidf
                0x00000000080006bc                __aeabi_l2d
 .text          0x0000000008000718      0x424 e:/stm32cubeide/stm32cubeide/plugins/com.st.stm32cube.ide.mcu.externaltools.gnu-tools-for-stm32.10.3-2021.10.win32_1.0.0.202111181127/tools/bin/../lib/gcc/arm-none-eabi/10.3.1/thumb/v7-m/nofp\libgcc.a(_arm_muldivdf3.o)
                0x0000000008000718                __aeabi_dmul
                0x0000000008000718                __muldf3
                0x000000000800096c                __divdf3
                0x000000000800096c                __aeabi_ddiv
 .text          0x0000000008000b3c      0x110 e:/stm32cubeide/stm32cubeide/plugins/com.st.stm32cube.ide.mcu.externaltools.gnu-tools-for-stm32.10.3-2021.10.win32_1.0.0.202111181127/tools/bin/../lib/gcc/arm-none-eabi/10.3.1/thumb/v7-m/nofp\libgcc.a(_arm_cmpdf2.o)
                0x0000000008000b3c                __gtdf2
                0x0000000008000b3c                __gedf2
                0x0000000008000b44                __ltdf2
                0x0000000008000b44                __ledf2
                0x0000000008000b4c                __nedf2
                0x0000000008000b4c                __eqdf2
                0x0000000008000b4c                __cmpdf2
                0x0000000008000bc8                __aeabi_cdrcmple
                0x0000000008000bd8                __aeabi_cdcmpeq
                0x0000000008000bd8                __aeabi_cdcmple
                0x0000000008000be8                __aeabi_dcmpeq
                0x0000000008000bfc                __aeabi_dcmplt
                0x0000000008000c10                __aeabi_dcmple
                0x0000000008000c24                __aeabi_dcmpge
                0x0000000008000c38                __aeabi_dcmpgt
 .text          0x0000000008000c4c       0x2c e:/stm32cubeide/stm32cubeide/plugins/com.st.stm32cube.ide.mcu.externaltools.gnu-tools-for-stm32.10.3-2021.10.win32_1.0.0.202111181127/tools/bin/../lib/gcc/arm-none-eabi/10.3.1/thumb/v7-m/nofp\libgcc.a(_arm_unorddf2.o)
                0x0000000008000c4c                __unorddf2
                0x0000000008000c4c                __aeabi_dcmpun
 .text          0x0000000008000c78       0x50 e:/stm32cubeide/stm32cubeide/plugins/com.st.stm32cube.ide.mcu.externaltools.gnu-tools-for-stm32.10.3-2021.10.win32_1.0.0.202111181127/tools/bin/../lib/gcc/arm-none-eabi/10.3.1/thumb/v7-m/nofp\libgcc.a(_arm_fixdfsi.o)
                0x0000000008000c78                __aeabi_d2iz
                0x0000000008000c78                __fixdfsi
 .text          0x0000000008000cc8       0x40 e:/stm32cubeide/stm32cubeide/plugins/com.st.stm32cube.ide.mcu.externaltools.gnu-tools-for-stm32.10.3-2021.10.win32_1.0.0.202111181127/tools/bin/../lib/gcc/arm-none-eabi/10.3.1/thumb/v7-m/nofp\libgcc.a(_arm_fixunsdfsi.o)
                0x0000000008000cc8                __aeabi_d2uiz
                0x0000000008000cc8                __fixunsdfsi
 .text          0x0000000008000d08       0xa0 e:/stm32cubeide/stm32cubeide/plugins/com.st.stm32cube.ide.mcu.externaltools.gnu-tools-for-stm32.10.3-2021.10.win32_1.0.0.202111181127/tools/bin/../lib/gcc/arm-none-eabi/10.3.1/thumb/v7-m/nofp\libgcc.a(_arm_truncdfsf2.o)
                0x0000000008000d08                __truncdfsf2
                0x0000000008000d08                __aeabi_d2f
 .text          0x0000000008000da8      0x21c e:/stm32cubeide/stm32cubeide/plugins/com.st.stm32cube.ide.mcu.externaltools.gnu-tools-for-stm32.10.3-2021.10.win32_1.0.0.202111181127/tools/bin/../lib/gcc/arm-none-eabi/10.3.1/thumb/v7-m/nofp\libgcc.a(_arm_addsubsf3.o)
                0x0000000008000da8                __aeabi_frsub
                0x0000000008000db0                __subsf3
                0x0000000008000db0                __aeabi_fsub
                0x0000000008000db4                __aeabi_fadd
                0x0000000008000db4                __addsf3
                0x0000000008000f14                __aeabi_ui2f
                0x0000000008000f14                __floatunsisf
                0x0000000008000f1c                __aeabi_i2f
                0x0000000008000f1c                __floatsisf
                0x0000000008000f38                __aeabi_ul2f
                0x0000000008000f38                __floatundisf
                0x0000000008000f48                __aeabi_l2f
                0x0000000008000f48                __floatdisf
 .text          0x0000000008000fc4       0x4c e:/stm32cubeide/stm32cubeide/plugins/com.st.stm32cube.ide.mcu.externaltools.gnu-tools-for-stm32.10.3-2021.10.win32_1.0.0.202111181127/tools/bin/../lib/gcc/arm-none-eabi/10.3.1/thumb/v7-m/nofp\libgcc.a(_arm_fixsfsi.o)
                0x0000000008000fc4                __aeabi_f2iz
                0x0000000008000fc4                __fixsfsi
 .text          0x0000000008001010       0x34 e:/stm32cubeide/stm32cubeide/plugins/com.st.stm32cube.ide.mcu.externaltools.gnu-tools-for-stm32.10.3-2021.10.win32_1.0.0.202111181127/tools/bin/../lib/gcc/arm-none-eabi/10.3.1/thumb/v7-m/nofp\libgcc.a(_fixdfdi.o)
                0x0000000008001010                __fixdfdi
                0x0000000008001010                __aeabi_d2lz
 .text          0x0000000008001044       0x3c e:/stm32cubeide/stm32cubeide/plugins/com.st.stm32cube.ide.mcu.externaltools.gnu-tools-for-stm32.10.3-2021.10.win32_1.0.0.202111181127/tools/bin/../lib/gcc/arm-none-eabi/10.3.1/thumb/v7-m/nofp\libgcc.a(_fixunsdfdi.o)
                0x0000000008001044                __fixunsdfdi
                0x0000000008001044                __aeabi_d2ulz
 *(.text*)
 .text.JY901_init
                0x0000000008001080       0x2e ./Core/Src/JY901.o
                0x0000000008001080                JY901_init
 .text.JY901_getdata
                0x00000000080010ae       0x3e ./Core/Src/JY901.o
                0x00000000080010ae                JY901_getdata
 .text.buffer_push
                0x00000000080010ec       0x90 ./Core/Src/buffer.o
                0x00000000080010ec                buffer_push
 .text.control_init
                0x000000000800117c       0x64 ./Core/Src/control.o
                0x000000000800117c                control_init
 .text.handleBlueRX
                0x00000000080011e0      0x418 ./Core/Src/control.o
                0x00000000080011e0                handleBlueRX
 .text.handleOpenRX
                0x00000000080015f8      0x284 ./Core/Src/control.o
                0x00000000080015f8                handleOpenRX
 .text.Encoder_init
                0x000000000800187c       0x18 ./Core/Src/encoder.o
                0x000000000800187c                Encoder_init
 .text.Encoder_start
                0x0000000008001894       0x1a ./Core/Src/encoder.o
                0x0000000008001894                Encoder_start
 .text.Encoder_read
                0x00000000080018ae       0x1a ./Core/Src/encoder.o
                0x00000000080018ae                Encoder_read
 .text.main     0x00000000080018c8      0x288 ./Core/Src/main.o
                0x00000000080018c8                main
 .text.SystemClock_Config
                0x0000000008001b50       0x8a ./Core/Src/main.o
                0x0000000008001b50                SystemClock_Config
 *fill*         0x0000000008001bda        0x2 
 .text.MX_TIM1_Init
                0x0000000008001bdc       0xb0 ./Core/Src/main.o
 .text.MX_TIM2_Init
                0x0000000008001c8c      0x120 ./Core/Src/main.o
 .text.MX_TIM3_Init
                0x0000000008001dac      0x104 ./Core/Src/main.o
 .text.MX_TIM4_Init
                0x0000000008001eb0      0x104 ./Core/Src/main.o
 .text.MX_TIM6_Init
                0x0000000008001fb4       0x6c ./Core/Src/main.o
 .text.MX_TIM7_Init
                0x0000000008002020       0x7c ./Core/Src/main.o
 .text.MX_TIM8_Init
                0x000000000800209c       0xb0 ./Core/Src/main.o
 .text.MX_USART1_UART_Init
                0x000000000800214c       0x64 ./Core/Src/main.o
 .text.MX_USART2_UART_Init
                0x00000000080021b0       0x60 ./Core/Src/main.o
 .text.MX_USART3_UART_Init
                0x0000000008002210       0x54 ./Core/Src/main.o
 .text.MX_DMA_Init
                0x0000000008002264       0x3c ./Core/Src/main.o
 .text.MX_GPIO_Init
                0x00000000080022a0      0x148 ./Core/Src/main.o
 .text.HAL_UART_RxCpltCallback
                0x00000000080023e8       0x64 ./Core/Src/main.o
                0x00000000080023e8                HAL_UART_RxCpltCallback
 .text.HAL_TIM_IC_CaptureCallback
                0x000000000800244c       0x64 ./Core/Src/main.o
                0x000000000800244c                HAL_TIM_IC_CaptureCallback
 .text.HAL_TIM_PeriodElapsedCallback
                0x00000000080024b0       0x98 ./Core/Src/main.o
                0x00000000080024b0                HAL_TIM_PeriodElapsedCallback
 .text.Error_Handler
                0x0000000008002548        0xa ./Core/Src/main.o
                0x0000000008002548                Error_Handler
 .text.PID_init
                0x0000000008002552       0x2e ./Core/Src/pid.o
                0x0000000008002552                PID_init
 .text.PID_clear
                0x0000000008002580       0x28 ./Core/Src/pid.o
                0x0000000008002580                PID_clear
 .text.PID_pushd
                0x00000000080025a8       0xc6 ./Core/Src/pid.o
                0x00000000080025a8                PID_pushd
 .text.PID_calc
                0x000000000800266e       0xae ./Core/Src/pid.o
                0x000000000800266e                PID_calc
 .text.Servo_init
                0x000000000800271c       0x2c ./Core/Src/servo.o
                0x000000000800271c                Servo_init
 .text.Servo_set
                0x0000000008002748       0x5c ./Core/Src/servo.o
                0x0000000008002748                Servo_set
 .text.Paw_init
                0x00000000080027a4       0x24 ./Core/Src/servo.o
                0x00000000080027a4                Paw_init
 .text.Paw_pick
                0x00000000080027c8       0x88 ./Core/Src/servo.o
                0x00000000080027c8                Paw_pick
 .text.Paw_drop
                0x0000000008002850      0x134 ./Core/Src/servo.o
                0x0000000008002850                Paw_drop
 .text.HAL_MspInit
                0x0000000008002984       0x64 ./Core/Src/stm32f1xx_hal_msp.o
                0x0000000008002984                HAL_MspInit
 .text.HAL_TIM_Encoder_MspInit
                0x00000000080029e8      0x104 ./Core/Src/stm32f1xx_hal_msp.o
                0x00000000080029e8                HAL_TIM_Encoder_MspInit
 .text.HAL_TIM_Base_MspInit
                0x0000000008002aec      0x1a8 ./Core/Src/stm32f1xx_hal_msp.o
                0x0000000008002aec                HAL_TIM_Base_MspInit
 .text.HAL_TIM_MspPostInit
                0x0000000008002c94       0xcc ./Core/Src/stm32f1xx_hal_msp.o
                0x0000000008002c94                HAL_TIM_MspPostInit
 .text.HAL_UART_MspInit
                0x0000000008002d60      0x22c ./Core/Src/stm32f1xx_hal_msp.o
                0x0000000008002d60                HAL_UART_MspInit
 .text.NMI_Handler
                0x0000000008002f8c        0x6 ./Core/Src/stm32f1xx_it.o
                0x0000000008002f8c                NMI_Handler
 .text.HardFault_Handler
                0x0000000008002f92        0x6 ./Core/Src/stm32f1xx_it.o
                0x0000000008002f92                HardFault_Handler
 .text.MemManage_Handler
                0x0000000008002f98        0x6 ./Core/Src/stm32f1xx_it.o
                0x0000000008002f98                MemManage_Handler
 .text.BusFault_Handler
                0x0000000008002f9e        0x6 ./Core/Src/stm32f1xx_it.o
                0x0000000008002f9e                BusFault_Handler
 .text.UsageFault_Handler
                0x0000000008002fa4        0x6 ./Core/Src/stm32f1xx_it.o
                0x0000000008002fa4                UsageFault_Handler
 .text.SVC_Handler
                0x0000000008002faa        0xc ./Core/Src/stm32f1xx_it.o
                0x0000000008002faa                SVC_Handler
 .text.DebugMon_Handler
                0x0000000008002fb6        0xc ./Core/Src/stm32f1xx_it.o
                0x0000000008002fb6                DebugMon_Handler
 .text.PendSV_Handler
                0x0000000008002fc2        0xc ./Core/Src/stm32f1xx_it.o
                0x0000000008002fc2                PendSV_Handler
 .text.SysTick_Handler
                0x0000000008002fce        0xc ./Core/Src/stm32f1xx_it.o
                0x0000000008002fce                SysTick_Handler
 *fill*         0x0000000008002fda        0x2 
 .text.DMA1_Channel3_IRQHandler
                0x0000000008002fdc       0x14 ./Core/Src/stm32f1xx_it.o
                0x0000000008002fdc                DMA1_Channel3_IRQHandler
 .text.TIM2_IRQHandler
                0x0000000008002ff0       0x14 ./Core/Src/stm32f1xx_it.o
                0x0000000008002ff0                TIM2_IRQHandler
 .text.USART1_IRQHandler
                0x0000000008003004       0x14 ./Core/Src/stm32f1xx_it.o
                0x0000000008003004                USART1_IRQHandler
 .text.USART2_IRQHandler
                0x0000000008003018       0x14 ./Core/Src/stm32f1xx_it.o
                0x0000000008003018                USART2_IRQHandler
 .text.USART3_IRQHandler
                0x000000000800302c       0x74 ./Core/Src/stm32f1xx_it.o
                0x000000000800302c                USART3_IRQHandler
 .text.TIM6_IRQHandler
                0x00000000080030a0       0x14 ./Core/Src/stm32f1xx_it.o
                0x00000000080030a0                TIM6_IRQHandler
 .text.TIM7_IRQHandler
                0x00000000080030b4       0x14 ./Core/Src/stm32f1xx_it.o
                0x00000000080030b4                TIM7_IRQHandler
 .text._getpid  0x00000000080030c8        0xe ./Core/Src/syscalls.o
                0x00000000080030c8                _getpid
 .text._kill    0x00000000080030d6       0x20 ./Core/Src/syscalls.o
                0x00000000080030d6                _kill
 .text._exit    0x00000000080030f6       0x14 ./Core/Src/syscalls.o
                0x00000000080030f6                _exit
 .text._read    0x000000000800310a       0x3a ./Core/Src/syscalls.o
                0x000000000800310a                _read
 .text._write   0x0000000008003144       0x38 ./Core/Src/syscalls.o
                0x0000000008003144                _write
 .text._close   0x000000000800317c       0x16 ./Core/Src/syscalls.o
                0x000000000800317c                _close
 .text._fstat   0x0000000008003192       0x1e ./Core/Src/syscalls.o
                0x0000000008003192                _fstat
 .text._isatty  0x00000000080031b0       0x14 ./Core/Src/syscalls.o
                0x00000000080031b0                _isatty
 .text._lseek   0x00000000080031c4       0x18 ./Core/Src/syscalls.o
                0x00000000080031c4                _lseek
 .text._sbrk    0x00000000080031dc       0x6c ./Core/Src/sysmem.o
                0x00000000080031dc                _sbrk
 .text.SystemInit
                0x0000000008003248        0xc ./Core/Src/system_stm32f1xx.o
                0x0000000008003248                SystemInit
 .text.TimerIT_init
                0x0000000008003254       0x28 ./Core/Src/timer.o
                0x0000000008003254                TimerIT_init
 .text.TimerIT_callback
                0x000000000800327c      0x28c ./Core/Src/timer.o
                0x000000000800327c                TimerIT_callback
 .text.Ultrasound_init
                0x0000000008003508       0x6e ./Core/Src/ultrasound.o
                0x0000000008003508                Ultrasound_init
 .text.Ultrasound_trig
                0x0000000008003576       0x20 ./Core/Src/ultrasound.o
                0x0000000008003576                Ultrasound_trig
 .text.Ultrasound_detrig
                0x0000000008003596       0x20 ./Core/Src/ultrasound.o
                0x0000000008003596                Ultrasound_detrig
 .text.Ultrasound_periodcallback
                0x00000000080035b6       0x46 ./Core/Src/ultrasound.o
                0x00000000080035b6                Ultrasound_periodcallback
 .text.Ultrasound_capturecallback
                0x00000000080035fc      0x280 ./Core/Src/ultrasound.o
                0x00000000080035fc                Ultrasound_capturecallback
 .text.Ultrasound_getval
                0x000000000800387c       0x4a ./Core/Src/ultrasound.o
                0x000000000800387c                Ultrasound_getval
 *fill*         0x00000000080038c6        0x2 
 .text.retr_front
                0x00000000080038c8       0x8c ./Core/Src/ultrasound.o
                0x00000000080038c8                retr_front
 .text.min      0x0000000008003954       0x1e ./Core/Src/utils.o
                0x0000000008003954                min
 .text.max      0x0000000008003972       0x1e ./Core/Src/utils.o
                0x0000000008003972                max
 .text.clip     0x0000000008003990       0x28 ./Core/Src/utils.o
                0x0000000008003990                clip
 .text.Wheel_init
                0x00000000080039b8       0x70 ./Core/Src/wheel.o
                0x00000000080039b8                Wheel_init
 .text.Wheel_set
                0x0000000008003a28       0xe8 ./Core/Src/wheel.o
                0x0000000008003a28                Wheel_set
 .text.Wheel_getspeed
                0x0000000008003b10       0x30 ./Core/Src/wheel.o
                0x0000000008003b10                Wheel_getspeed
 .text.Reset_Handler
                0x0000000008003b40       0x48 ./Core/Startup/startup_stm32f103vetx.o
                0x0000000008003b40                Reset_Handler
 .text.Default_Handler
                0x0000000008003b88        0x2 ./Core/Startup/startup_stm32f103vetx.o
                0x0000000008003b88                RTC_Alarm_IRQHandler
                0x0000000008003b88                EXTI2_IRQHandler
                0x0000000008003b88                TIM8_TRG_COM_IRQHandler
                0x0000000008003b88                TIM8_CC_IRQHandler
                0x0000000008003b88                TIM1_CC_IRQHandler
                0x0000000008003b88                PVD_IRQHandler
                0x0000000008003b88                SDIO_IRQHandler
                0x0000000008003b88                EXTI3_IRQHandler
                0x0000000008003b88                EXTI0_IRQHandler
                0x0000000008003b88                I2C2_EV_IRQHandler
                0x0000000008003b88                ADC1_2_IRQHandler
                0x0000000008003b88                SPI1_IRQHandler
                0x0000000008003b88                TAMPER_IRQHandler
                0x0000000008003b88                TIM8_UP_IRQHandler
                0x0000000008003b88                DMA2_Channel2_IRQHandler
                0x0000000008003b88                DMA1_Channel4_IRQHandler
                0x0000000008003b88                RTC_IRQHandler
                0x0000000008003b88                DMA1_Channel7_IRQHandler
                0x0000000008003b88                CAN1_RX1_IRQHandler
                0x0000000008003b88                UART5_IRQHandler
                0x0000000008003b88                ADC3_IRQHandler
                0x0000000008003b88                TIM4_IRQHandler
                0x0000000008003b88                DMA2_Channel1_IRQHandler
                0x0000000008003b88                I2C1_EV_IRQHandler
                0x0000000008003b88                DMA1_Channel6_IRQHandler
                0x0000000008003b88                UART4_IRQHandler
                0x0000000008003b88                TIM3_IRQHandler
                0x0000000008003b88                RCC_IRQHandler
                0x0000000008003b88                TIM1_TRG_COM_IRQHandler
                0x0000000008003b88                DMA1_Channel1_IRQHandler
                0x0000000008003b88                Default_Handler
                0x0000000008003b88                EXTI15_10_IRQHandler
                0x0000000008003b88                TIM5_IRQHandler
                0x0000000008003b88                EXTI9_5_IRQHandler
                0x0000000008003b88                SPI2_IRQHandler
                0x0000000008003b88                DMA1_Channel5_IRQHandler
                0x0000000008003b88                EXTI4_IRQHandler
                0x0000000008003b88                USB_LP_CAN1_RX0_IRQHandler
                0x0000000008003b88                USB_HP_CAN1_TX_IRQHandler
                0x0000000008003b88                FSMC_IRQHandler
                0x0000000008003b88                TIM1_UP_IRQHandler
                0x0000000008003b88                WWDG_IRQHandler
                0x0000000008003b88                TIM1_BRK_IRQHandler
                0x0000000008003b88                EXTI1_IRQHandler
                0x0000000008003b88                DMA2_Channel4_5_IRQHandler
                0x0000000008003b88                I2C2_ER_IRQHandler
                0x0000000008003b88                DMA1_Channel2_IRQHandler
                0x0000000008003b88                TIM8_BRK_IRQHandler
                0x0000000008003b88                CAN1_SCE_IRQHandler
                0x0000000008003b88                FLASH_IRQHandler
                0x0000000008003b88                SPI3_IRQHandler
                0x0000000008003b88                I2C1_ER_IRQHandler
                0x0000000008003b88                USBWakeUp_IRQHandler
                0x0000000008003b88                DMA2_Channel3_IRQHandler
 *fill*         0x0000000008003b8a        0x2 
 .text.HAL_Init
                0x0000000008003b8c       0x2c ./Drivers/STM32F1xx_HAL_Driver/stm32f1xx_hal.o
                0x0000000008003b8c                HAL_Init
 .text.HAL_InitTick
                0x0000000008003bb8       0x60 ./Drivers/STM32F1xx_HAL_Driver/stm32f1xx_hal.o
                0x0000000008003bb8                HAL_InitTick
 .text.HAL_IncTick
                0x0000000008003c18       0x24 ./Drivers/STM32F1xx_HAL_Driver/stm32f1xx_hal.o
                0x0000000008003c18                HAL_IncTick
 .text.HAL_GetTick
                0x0000000008003c3c       0x14 ./Drivers/STM32F1xx_HAL_Driver/stm32f1xx_hal.o
                0x0000000008003c3c                HAL_GetTick
 .text.HAL_Delay
                0x0000000008003c50       0x48 ./Drivers/STM32F1xx_HAL_Driver/stm32f1xx_hal.o
                0x0000000008003c50                HAL_Delay
 .text.__NVIC_SetPriorityGrouping
                0x0000000008003c98       0x48 ./Drivers/STM32F1xx_HAL_Driver/stm32f1xx_hal_cortex.o
 .text.__NVIC_GetPriorityGrouping
                0x0000000008003ce0       0x1c ./Drivers/STM32F1xx_HAL_Driver/stm32f1xx_hal_cortex.o
 .text.__NVIC_EnableIRQ
                0x0000000008003cfc       0x38 ./Drivers/STM32F1xx_HAL_Driver/stm32f1xx_hal_cortex.o
 .text.__NVIC_SetPriority
                0x0000000008003d34       0x54 ./Drivers/STM32F1xx_HAL_Driver/stm32f1xx_hal_cortex.o
 .text.NVIC_EncodePriority
                0x0000000008003d88       0x64 ./Drivers/STM32F1xx_HAL_Driver/stm32f1xx_hal_cortex.o
 .text.SysTick_Config
                0x0000000008003dec       0x44 ./Drivers/STM32F1xx_HAL_Driver/stm32f1xx_hal_cortex.o
 .text.HAL_NVIC_SetPriorityGrouping
                0x0000000008003e30       0x16 ./Drivers/STM32F1xx_HAL_Driver/stm32f1xx_hal_cortex.o
                0x0000000008003e30                HAL_NVIC_SetPriorityGrouping
 .text.HAL_NVIC_SetPriority
                0x0000000008003e46       0x38 ./Drivers/STM32F1xx_HAL_Driver/stm32f1xx_hal_cortex.o
                0x0000000008003e46                HAL_NVIC_SetPriority
 .text.HAL_NVIC_EnableIRQ
                0x0000000008003e7e       0x1c ./Drivers/STM32F1xx_HAL_Driver/stm32f1xx_hal_cortex.o
                0x0000000008003e7e                HAL_NVIC_EnableIRQ
 .text.HAL_SYSTICK_Config
                0x0000000008003e9a       0x18 ./Drivers/STM32F1xx_HAL_Driver/stm32f1xx_hal_cortex.o
                0x0000000008003e9a                HAL_SYSTICK_Config
 *fill*         0x0000000008003eb2        0x2 
 .text.HAL_DMA_Init
                0x0000000008003eb4       0xec ./Drivers/STM32F1xx_HAL_Driver/stm32f1xx_hal_dma.o
                0x0000000008003eb4                HAL_DMA_Init
 .text.HAL_DMA_Start_IT
                0x0000000008003fa0       0xbe ./Drivers/STM32F1xx_HAL_Driver/stm32f1xx_hal_dma.o
                0x0000000008003fa0                HAL_DMA_Start_IT
 .text.HAL_DMA_Abort
                0x000000000800405e       0x74 ./Drivers/STM32F1xx_HAL_Driver/stm32f1xx_hal_dma.o
                0x000000000800405e                HAL_DMA_Abort
 *fill*         0x00000000080040d2        0x2 
 .text.HAL_DMA_Abort_IT
                0x00000000080040d4      0x210 ./Drivers/STM32F1xx_HAL_Driver/stm32f1xx_hal_dma.o
                0x00000000080040d4                HAL_DMA_Abort_IT
 .text.HAL_DMA_IRQHandler
                0x00000000080042e4      0x478 ./Drivers/STM32F1xx_HAL_Driver/stm32f1xx_hal_dma.o
                0x00000000080042e4                HAL_DMA_IRQHandler
 .text.DMA_SetConfig
                0x000000000800475c       0x5a ./Drivers/STM32F1xx_HAL_Driver/stm32f1xx_hal_dma.o
 *fill*         0x00000000080047b6        0x2 
 .text.HAL_GPIO_Init
                0x00000000080047b8      0x328 ./Drivers/STM32F1xx_HAL_Driver/stm32f1xx_hal_gpio.o
                0x00000000080047b8                HAL_GPIO_Init
 .text.HAL_GPIO_WritePin
                0x0000000008004ae0       0x30 ./Drivers/STM32F1xx_HAL_Driver/stm32f1xx_hal_gpio.o
                0x0000000008004ae0                HAL_GPIO_WritePin
 .text.HAL_RCC_OscConfig
                0x0000000008004b10      0x504 ./Drivers/STM32F1xx_HAL_Driver/stm32f1xx_hal_rcc.o
                0x0000000008004b10                HAL_RCC_OscConfig
 .text.HAL_RCC_ClockConfig
                0x0000000008005014      0x1d4 ./Drivers/STM32F1xx_HAL_Driver/stm32f1xx_hal_rcc.o
                0x0000000008005014                HAL_RCC_ClockConfig
 .text.HAL_RCC_GetSysClockFreq
                0x00000000080051e8       0xbc ./Drivers/STM32F1xx_HAL_Driver/stm32f1xx_hal_rcc.o
                0x00000000080051e8                HAL_RCC_GetSysClockFreq
 .text.HAL_RCC_GetHCLKFreq
                0x00000000080052a4       0x14 ./Drivers/STM32F1xx_HAL_Driver/stm32f1xx_hal_rcc.o
                0x00000000080052a4                HAL_RCC_GetHCLKFreq
 .text.HAL_RCC_GetPCLK1Freq
                0x00000000080052b8       0x28 ./Drivers/STM32F1xx_HAL_Driver/stm32f1xx_hal_rcc.o
                0x00000000080052b8                HAL_RCC_GetPCLK1Freq
 .text.HAL_RCC_GetPCLK2Freq
                0x00000000080052e0       0x28 ./Drivers/STM32F1xx_HAL_Driver/stm32f1xx_hal_rcc.o
                0x00000000080052e0                HAL_RCC_GetPCLK2Freq
 .text.RCC_Delay
                0x0000000008005308       0x3c ./Drivers/STM32F1xx_HAL_Driver/stm32f1xx_hal_rcc.o
 .text.HAL_TIM_Base_Init
                0x0000000008005344       0x9e ./Drivers/STM32F1xx_HAL_Driver/stm32f1xx_hal_tim.o
                0x0000000008005344                HAL_TIM_Base_Init
 *fill*         0x00000000080053e2        0x2 
 .text.HAL_TIM_Base_Start_IT
                0x00000000080053e4       0xc0 ./Drivers/STM32F1xx_HAL_Driver/stm32f1xx_hal_tim.o
                0x00000000080053e4                HAL_TIM_Base_Start_IT
 .text.HAL_TIM_Base_Stop_IT
                0x00000000080054a4       0x5c ./Drivers/STM32F1xx_HAL_Driver/stm32f1xx_hal_tim.o
                0x00000000080054a4                HAL_TIM_Base_Stop_IT
 .text.HAL_TIM_PWM_Init
                0x0000000008005500       0x9e ./Drivers/STM32F1xx_HAL_Driver/stm32f1xx_hal_tim.o
                0x0000000008005500                HAL_TIM_PWM_Init
 .text.HAL_TIM_PWM_MspInit
                0x000000000800559e       0x12 ./Drivers/STM32F1xx_HAL_Driver/stm32f1xx_hal_tim.o
                0x000000000800559e                HAL_TIM_PWM_MspInit
 .text.HAL_TIM_PWM_Start
                0x00000000080055b0      0x174 ./Drivers/STM32F1xx_HAL_Driver/stm32f1xx_hal_tim.o
                0x00000000080055b0                HAL_TIM_PWM_Start
 .text.HAL_TIM_IC_Init
                0x0000000008005724       0x9e ./Drivers/STM32F1xx_HAL_Driver/stm32f1xx_hal_tim.o
                0x0000000008005724                HAL_TIM_IC_Init
 .text.HAL_TIM_IC_MspInit
                0x00000000080057c2       0x12 ./Drivers/STM32F1xx_HAL_Driver/stm32f1xx_hal_tim.o
                0x00000000080057c2                HAL_TIM_IC_MspInit
 .text.HAL_TIM_IC_Start_IT
                0x00000000080057d4      0x228 ./Drivers/STM32F1xx_HAL_Driver/stm32f1xx_hal_tim.o
                0x00000000080057d4                HAL_TIM_IC_Start_IT
 .text.HAL_TIM_OnePulse_Init
                0x00000000080059fc       0xa0 ./Drivers/STM32F1xx_HAL_Driver/stm32f1xx_hal_tim.o
                0x00000000080059fc                HAL_TIM_OnePulse_Init
 .text.HAL_TIM_OnePulse_MspInit
                0x0000000008005a9c       0x12 ./Drivers/STM32F1xx_HAL_Driver/stm32f1xx_hal_tim.o
                0x0000000008005a9c                HAL_TIM_OnePulse_MspInit
 .text.HAL_TIM_Encoder_Init
                0x0000000008005aae      0x144 ./Drivers/STM32F1xx_HAL_Driver/stm32f1xx_hal_tim.o
                0x0000000008005aae                HAL_TIM_Encoder_Init
 .text.HAL_TIM_Encoder_Start
                0x0000000008005bf2      0x11c ./Drivers/STM32F1xx_HAL_Driver/stm32f1xx_hal_tim.o
                0x0000000008005bf2                HAL_TIM_Encoder_Start
 .text.HAL_TIM_IRQHandler
                0x0000000008005d0e      0x210 ./Drivers/STM32F1xx_HAL_Driver/stm32f1xx_hal_tim.o
                0x0000000008005d0e                HAL_TIM_IRQHandler
 .text.HAL_TIM_IC_ConfigChannel
                0x0000000008005f1e      0x128 ./Drivers/STM32F1xx_HAL_Driver/stm32f1xx_hal_tim.o
                0x0000000008005f1e                HAL_TIM_IC_ConfigChannel
 *fill*         0x0000000008006046        0x2 
 .text.HAL_TIM_PWM_ConfigChannel
                0x0000000008006048      0x17c ./Drivers/STM32F1xx_HAL_Driver/stm32f1xx_hal_tim.o
                0x0000000008006048                HAL_TIM_PWM_ConfigChannel
 .text.HAL_TIM_ConfigClockSource
                0x00000000080061c4      0x188 ./Drivers/STM32F1xx_HAL_Driver/stm32f1xx_hal_tim.o
                0x00000000080061c4                HAL_TIM_ConfigClockSource
 .text.HAL_TIM_ReadCapturedValue
                0x000000000800634c       0x88 ./Drivers/STM32F1xx_HAL_Driver/stm32f1xx_hal_tim.o
                0x000000000800634c                HAL_TIM_ReadCapturedValue
 .text.HAL_TIM_OC_DelayElapsedCallback
                0x00000000080063d4       0x12 ./Drivers/STM32F1xx_HAL_Driver/stm32f1xx_hal_tim.o
                0x00000000080063d4                HAL_TIM_OC_DelayElapsedCallback
 .text.HAL_TIM_PWM_PulseFinishedCallback
                0x00000000080063e6       0x12 ./Drivers/STM32F1xx_HAL_Driver/stm32f1xx_hal_tim.o
                0x00000000080063e6                HAL_TIM_PWM_PulseFinishedCallback
 .text.HAL_TIM_TriggerCallback
                0x00000000080063f8       0x12 ./Drivers/STM32F1xx_HAL_Driver/stm32f1xx_hal_tim.o
                0x00000000080063f8                HAL_TIM_TriggerCallback
 *fill*         0x000000000800640a        0x2 
 .text.TIM_Base_SetConfig
                0x000000000800640c       0xf4 ./Drivers/STM32F1xx_HAL_Driver/stm32f1xx_hal_tim.o
                0x000000000800640c                TIM_Base_SetConfig
 .text.TIM_OC1_SetConfig
                0x0000000008006500       0xe0 ./Drivers/STM32F1xx_HAL_Driver/stm32f1xx_hal_tim.o
 .text.TIM_OC2_SetConfig
                0x00000000080065e0       0xe8 ./Drivers/STM32F1xx_HAL_Driver/stm32f1xx_hal_tim.o
                0x00000000080065e0                TIM_OC2_SetConfig
 .text.TIM_OC3_SetConfig
                0x00000000080066c8       0xe8 ./Drivers/STM32F1xx_HAL_Driver/stm32f1xx_hal_tim.o
 .text.TIM_OC4_SetConfig
                0x00000000080067b0       0xa8 ./Drivers/STM32F1xx_HAL_Driver/stm32f1xx_hal_tim.o
 .text.TIM_TI1_SetConfig
                0x0000000008006858       0xcc ./Drivers/STM32F1xx_HAL_Driver/stm32f1xx_hal_tim.o
                0x0000000008006858                TIM_TI1_SetConfig
 .text.TIM_TI1_ConfigInputStage
                0x0000000008006924       0x5c ./Drivers/STM32F1xx_HAL_Driver/stm32f1xx_hal_tim.o
 .text.TIM_TI2_SetConfig
                0x0000000008006980       0x78 ./Drivers/STM32F1xx_HAL_Driver/stm32f1xx_hal_tim.o
 .text.TIM_TI2_ConfigInputStage
                0x00000000080069f8       0x5e ./Drivers/STM32F1xx_HAL_Driver/stm32f1xx_hal_tim.o
 .text.TIM_TI3_SetConfig
                0x0000000008006a56       0x76 ./Drivers/STM32F1xx_HAL_Driver/stm32f1xx_hal_tim.o
 .text.TIM_TI4_SetConfig
                0x0000000008006acc       0x78 ./Drivers/STM32F1xx_HAL_Driver/stm32f1xx_hal_tim.o
 .text.TIM_ITRx_SetConfig
                0x0000000008006b44       0x34 ./Drivers/STM32F1xx_HAL_Driver/stm32f1xx_hal_tim.o
 .text.TIM_ETR_SetConfig
                0x0000000008006b78       0x3e ./Drivers/STM32F1xx_HAL_Driver/stm32f1xx_hal_tim.o
                0x0000000008006b78                TIM_ETR_SetConfig
 .text.TIM_CCxChannelCmd
                0x0000000008006bb6       0x48 ./Drivers/STM32F1xx_HAL_Driver/stm32f1xx_hal_tim.o
                0x0000000008006bb6                TIM_CCxChannelCmd
 *fill*         0x0000000008006bfe        0x2 
 .text.HAL_TIMEx_MasterConfigSynchronization
                0x0000000008006c00       0xd8 ./Drivers/STM32F1xx_HAL_Driver/stm32f1xx_hal_tim_ex.o
                0x0000000008006c00                HAL_TIMEx_MasterConfigSynchronization
 .text.HAL_TIMEx_CommutCallback
                0x0000000008006cd8       0x12 ./Drivers/STM32F1xx_HAL_Driver/stm32f1xx_hal_tim_ex.o
                0x0000000008006cd8                HAL_TIMEx_CommutCallback
 .text.HAL_TIMEx_BreakCallback
                0x0000000008006cea       0x12 ./Drivers/STM32F1xx_HAL_Driver/stm32f1xx_hal_tim_ex.o
                0x0000000008006cea                HAL_TIMEx_BreakCallback
 .text.HAL_UART_Init
                0x0000000008006cfc       0x9a ./Drivers/STM32F1xx_HAL_Driver/stm32f1xx_hal_uart.o
                0x0000000008006cfc                HAL_UART_Init
 .text.HAL_UART_Transmit
                0x0000000008006d96      0x124 ./Drivers/STM32F1xx_HAL_Driver/stm32f1xx_hal_uart.o
                0x0000000008006d96                HAL_UART_Transmit
 .text.HAL_UART_Receive_IT
                0x0000000008006eba       0x60 ./Drivers/STM32F1xx_HAL_Driver/stm32f1xx_hal_uart.o
                0x0000000008006eba                HAL_UART_Receive_IT
 .text.HAL_UART_Receive_DMA
                0x0000000008006f1a       0x60 ./Drivers/STM32F1xx_HAL_Driver/stm32f1xx_hal_uart.o
                0x0000000008006f1a                HAL_UART_Receive_DMA
 .text.HAL_UART_DMAStop
                0x0000000008006f7a       0xb6 ./Drivers/STM32F1xx_HAL_Driver/stm32f1xx_hal_uart.o
                0x0000000008006f7a                HAL_UART_DMAStop
 .text.HAL_UART_IRQHandler
                0x0000000008007030      0x354 ./Drivers/STM32F1xx_HAL_Driver/stm32f1xx_hal_uart.o
                0x0000000008007030                HAL_UART_IRQHandler
 .text.HAL_UART_TxCpltCallback
                0x0000000008007384       0x12 ./Drivers/STM32F1xx_HAL_Driver/stm32f1xx_hal_uart.o
                0x0000000008007384                HAL_UART_TxCpltCallback
 .text.HAL_UART_RxHalfCpltCallback
                0x0000000008007396       0x12 ./Drivers/STM32F1xx_HAL_Driver/stm32f1xx_hal_uart.o
                0x0000000008007396                HAL_UART_RxHalfCpltCallback
 .text.HAL_UART_ErrorCallback
                0x00000000080073a8       0x12 ./Drivers/STM32F1xx_HAL_Driver/stm32f1xx_hal_uart.o
                0x00000000080073a8                HAL_UART_ErrorCallback
 .text.HAL_UARTEx_RxEventCallback
                0x00000000080073ba       0x16 ./Drivers/STM32F1xx_HAL_Driver/stm32f1xx_hal_uart.o
                0x00000000080073ba                HAL_UARTEx_RxEventCallback
 .text.UART_DMAReceiveCplt
                0x00000000080073d0       0x96 ./Drivers/STM32F1xx_HAL_Driver/stm32f1xx_hal_uart.o
 .text.UART_DMARxHalfCplt
                0x0000000008007466       0x36 ./Drivers/STM32F1xx_HAL_Driver/stm32f1xx_hal_uart.o
 .text.UART_DMAError
                0x000000000800749c       0x94 ./Drivers/STM32F1xx_HAL_Driver/stm32f1xx_hal_uart.o
 .text.UART_WaitOnFlagUntilTimeout
                0x0000000008007530       0x94 ./Drivers/STM32F1xx_HAL_Driver/stm32f1xx_hal_uart.o
 .text.UART_Start_Receive_IT
                0x00000000080075c4       0x72 ./Drivers/STM32F1xx_HAL_Driver/stm32f1xx_hal_uart.o
                0x00000000080075c4                UART_Start_Receive_IT
 *fill*         0x0000000008007636        0x2 
 .text.UART_Start_Receive_DMA
                0x0000000008007638       0xc8 ./Drivers/STM32F1xx_HAL_Driver/stm32f1xx_hal_uart.o
                0x0000000008007638                UART_Start_Receive_DMA
 .text.UART_EndTxTransfer
                0x0000000008007700       0x2a ./Drivers/STM32F1xx_HAL_Driver/stm32f1xx_hal_uart.o
 .text.UART_EndRxTransfer
                0x000000000800772a       0x58 ./Drivers/STM32F1xx_HAL_Driver/stm32f1xx_hal_uart.o
 .text.UART_DMAAbortOnError
                0x0000000008007782       0x28 ./Drivers/STM32F1xx_HAL_Driver/stm32f1xx_hal_uart.o
 .text.UART_Transmit_IT
                0x00000000080077aa       0x9e ./Drivers/STM32F1xx_HAL_Driver/stm32f1xx_hal_uart.o
 .text.UART_EndTransmit_IT
                0x0000000008007848       0x30 ./Drivers/STM32F1xx_HAL_Driver/stm32f1xx_hal_uart.o
 .text.UART_Receive_IT
                0x0000000008007878      0x152 ./Drivers/STM32F1xx_HAL_Driver/stm32f1xx_hal_uart.o
 *fill*         0x00000000080079ca        0x2 
 .text.UART_SetConfig
                0x00000000080079cc      0x11c ./Drivers/STM32F1xx_HAL_Driver/stm32f1xx_hal_uart.o
 .text.__errno  0x0000000008007ae8        0xc e:/stm32cubeide/stm32cubeide/plugins/com.st.stm32cube.ide.mcu.externaltools.gnu-tools-for-stm32.10.3-2021.10.win32_1.0.0.202111181127/tools/bin/../lib/gcc/arm-none-eabi/10.3.1/../../../../arm-none-eabi/lib/thumb/v7-m/nofp\libc_nano.a(lib_a-errno.o)
                0x0000000008007ae8                __errno
 .text.__libc_init_array
                0x0000000008007af4       0x48 e:/stm32cubeide/stm32cubeide/plugins/com.st.stm32cube.ide.mcu.externaltools.gnu-tools-for-stm32.10.3-2021.10.win32_1.0.0.202111181127/tools/bin/../lib/gcc/arm-none-eabi/10.3.1/../../../../arm-none-eabi/lib/thumb/v7-m/nofp\libc_nano.a(lib_a-init.o)
                0x0000000008007af4                __libc_init_array
 .text.memcpy   0x0000000008007b3c       0x1c e:/stm32cubeide/stm32cubeide/plugins/com.st.stm32cube.ide.mcu.externaltools.gnu-tools-for-stm32.10.3-2021.10.win32_1.0.0.202111181127/tools/bin/../lib/gcc/arm-none-eabi/10.3.1/../../../../arm-none-eabi/lib/thumb/v7-m/nofp\libc_nano.a(lib_a-memcpy-stub.o)
                0x0000000008007b3c                memcpy
 .text.memset   0x0000000008007b58       0x10 e:/stm32cubeide/stm32cubeide/plugins/com.st.stm32cube.ide.mcu.externaltools.gnu-tools-for-stm32.10.3-2021.10.win32_1.0.0.202111181127/tools/bin/../lib/gcc/arm-none-eabi/10.3.1/../../../../arm-none-eabi/lib/thumb/v7-m/nofp\libc_nano.a(lib_a-memset.o)
                0x0000000008007b58                memset
 .text.__cvt    0x0000000008007b68       0xbe e:/stm32cubeide/stm32cubeide/plugins/com.st.stm32cube.ide.mcu.externaltools.gnu-tools-for-stm32.10.3-2021.10.win32_1.0.0.202111181127/tools/bin/../lib/gcc/arm-none-eabi/10.3.1/../../../../arm-none-eabi/lib/thumb/v7-m/nofp\libc_nano.a(lib_a-nano-vfprintf_float.o)
                0x0000000008007b68                __cvt
 .text.__exponent
                0x0000000008007c26       0x7c e:/stm32cubeide/stm32cubeide/plugins/com.st.stm32cube.ide.mcu.externaltools.gnu-tools-for-stm32.10.3-2021.10.win32_1.0.0.202111181127/tools/bin/../lib/gcc/arm-none-eabi/10.3.1/../../../../arm-none-eabi/lib/thumb/v7-m/nofp\libc_nano.a(lib_a-nano-vfprintf_float.o)
                0x0000000008007c26                __exponent
 *fill*         0x0000000008007ca2        0x2 
 .text._printf_float
                0x0000000008007ca4      0x458 e:/stm32cubeide/stm32cubeide/plugins/com.st.stm32cube.ide.mcu.externaltools.gnu-tools-for-stm32.10.3-2021.10.win32_1.0.0.202111181127/tools/bin/../lib/gcc/arm-none-eabi/10.3.1/../../../../arm-none-eabi/lib/thumb/v7-m/nofp\libc_nano.a(lib_a-nano-vfprintf_float.o)
                0x0000000008007ca4                _printf_float
 .text._printf_common
                0x00000000080080fc       0xde e:/stm32cubeide/stm32cubeide/plugins/com.st.stm32cube.ide.mcu.externaltools.gnu-tools-for-stm32.10.3-2021.10.win32_1.0.0.202111181127/tools/bin/../lib/gcc/arm-none-eabi/10.3.1/../../../../arm-none-eabi/lib/thumb/v7-m/nofp\libc_nano.a(lib_a-nano-vfprintf_i.o)
                0x00000000080080fc                _printf_common
 *fill*         0x00000000080081da        0x2 
 .text._printf_i
                0x00000000080081dc      0x24c e:/stm32cubeide/stm32cubeide/plugins/com.st.stm32cube.ide.mcu.externaltools.gnu-tools-for-stm32.10.3-2021.10.win32_1.0.0.202111181127/tools/bin/../lib/gcc/arm-none-eabi/10.3.1/../../../../arm-none-eabi/lib/thumb/v7-m/nofp\libc_nano.a(lib_a-nano-vfprintf_i.o)
                0x00000000080081dc                _printf_i
 .text._scanf_float
                0x0000000008008428      0x41c e:/stm32cubeide/stm32cubeide/plugins/com.st.stm32cube.ide.mcu.externaltools.gnu-tools-for-stm32.10.3-2021.10.win32_1.0.0.202111181127/tools/bin/../lib/gcc/arm-none-eabi/10.3.1/../../../../arm-none-eabi/lib/thumb/v7-m/nofp\libc_nano.a(lib_a-nano-vfscanf_float.o)
                0x0000000008008428                _scanf_float
 .text.nanf     0x0000000008008844        0x8 e:/stm32cubeide/stm32cubeide/plugins/com.st.stm32cube.ide.mcu.externaltools.gnu-tools-for-stm32.10.3-2021.10.win32_1.0.0.202111181127/tools/bin/../lib/gcc/arm-none-eabi/10.3.1/../../../../arm-none-eabi/lib/thumb/v7-m/nofp\libc_nano.a(lib_a-sf_nan.o)
                0x0000000008008844                nanf
 .text.sprintf  0x000000000800884c       0x40 e:/stm32cubeide/stm32cubeide/plugins/com.st.stm32cube.ide.mcu.externaltools.gnu-tools-for-stm32.10.3-2021.10.win32_1.0.0.202111181127/tools/bin/../lib/gcc/arm-none-eabi/10.3.1/../../../../arm-none-eabi/lib/thumb/v7-m/nofp\libc_nano.a(lib_a-sprintf.o)
                0x000000000800884c                siprintf
                0x000000000800884c                sprintf
 .text.sscanf   0x000000000800888c       0x54 e:/stm32cubeide/stm32cubeide/plugins/com.st.stm32cube.ide.mcu.externaltools.gnu-tools-for-stm32.10.3-2021.10.win32_1.0.0.202111181127/tools/bin/../lib/gcc/arm-none-eabi/10.3.1/../../../../arm-none-eabi/lib/thumb/v7-m/nofp\libc_nano.a(lib_a-sscanf.o)
                0x000000000800888c                siscanf
                0x000000000800888c                sscanf
 .text.__sread  0x00000000080088e0       0x22 e:/stm32cubeide/stm32cubeide/plugins/com.st.stm32cube.ide.mcu.externaltools.gnu-tools-for-stm32.10.3-2021.10.win32_1.0.0.202111181127/tools/bin/../lib/gcc/arm-none-eabi/10.3.1/../../../../arm-none-eabi/lib/thumb/v7-m/nofp\libc_nano.a(lib_a-stdio.o)
                0x00000000080088e0                __sread
 .text.__seofread
                0x0000000008008902        0x4 e:/stm32cubeide/stm32cubeide/plugins/com.st.stm32cube.ide.mcu.externaltools.gnu-tools-for-stm32.10.3-2021.10.win32_1.0.0.202111181127/tools/bin/../lib/gcc/arm-none-eabi/10.3.1/../../../../arm-none-eabi/lib/thumb/v7-m/nofp\libc_nano.a(lib_a-stdio.o)
                0x0000000008008902                __seofread
 .text.__swrite
                0x0000000008008906       0x38 e:/stm32cubeide/stm32cubeide/plugins/com.st.stm32cube.ide.mcu.externaltools.gnu-tools-for-stm32.10.3-2021.10.win32_1.0.0.202111181127/tools/bin/../lib/gcc/arm-none-eabi/10.3.1/../../../../arm-none-eabi/lib/thumb/v7-m/nofp\libc_nano.a(lib_a-stdio.o)
                0x0000000008008906                __swrite
 .text.__sseek  0x000000000800893e       0x24 e:/stm32cubeide/stm32cubeide/plugins/com.st.stm32cube.ide.mcu.externaltools.gnu-tools-for-stm32.10.3-2021.10.win32_1.0.0.202111181127/tools/bin/../lib/gcc/arm-none-eabi/10.3.1/../../../../arm-none-eabi/lib/thumb/v7-m/nofp\libc_nano.a(lib_a-stdio.o)
                0x000000000800893e                __sseek
 .text.__sclose
                0x0000000008008962        0x8 e:/stm32cubeide/stm32cubeide/plugins/com.st.stm32cube.ide.mcu.externaltools.gnu-tools-for-stm32.10.3-2021.10.win32_1.0.0.202111181127/tools/bin/../lib/gcc/arm-none-eabi/10.3.1/../../../../arm-none-eabi/lib/thumb/v7-m/nofp\libc_nano.a(lib_a-stdio.o)
                0x0000000008008962                __sclose
 .text.sulp     0x000000000800896a       0x42 e:/stm32cubeide/stm32cubeide/plugins/com.st.stm32cube.ide.mcu.externaltools.gnu-tools-for-stm32.10.3-2021.10.win32_1.0.0.202111181127/tools/bin/../lib/gcc/arm-none-eabi/10.3.1/../../../../arm-none-eabi/lib/thumb/v7-m/nofp\libc_nano.a(lib_a-strtod.o)
 *fill*         0x00000000080089ac        0x4 
 .text._strtod_l
                0x00000000080089b0      0xbd0 e:/stm32cubeide/stm32cubeide/plugins/com.st.stm32cube.ide.mcu.externaltools.gnu-tools-for-stm32.10.3-2021.10.win32_1.0.0.202111181127/tools/bin/../lib/gcc/arm-none-eabi/10.3.1/../../../../arm-none-eabi/lib/thumb/v7-m/nofp\libc_nano.a(lib_a-strtod.o)
                0x00000000080089b0                _strtod_l
 .text._strtod_r
                0x0000000008009580        0xc e:/stm32cubeide/stm32cubeide/plugins/com.st.stm32cube.ide.mcu.externaltools.gnu-tools-for-stm32.10.3-2021.10.win32_1.0.0.202111181127/tools/bin/../lib/gcc/arm-none-eabi/10.3.1/../../../../arm-none-eabi/lib/thumb/v7-m/nofp\libc_nano.a(lib_a-strtod.o)
                0x0000000008009580                _strtod_r
 .text._strtol_l.constprop.0
                0x000000000800958c       0xf8 e:/stm32cubeide/stm32cubeide/plugins/com.st.stm32cube.ide.mcu.externaltools.gnu-tools-for-stm32.10.3-2021.10.win32_1.0.0.202111181127/tools/bin/../lib/gcc/arm-none-eabi/10.3.1/../../../../arm-none-eabi/lib/thumb/v7-m/nofp\libc_nano.a(lib_a-strtol.o)
 .text._strtol_r
                0x0000000008009684        0x4 e:/stm32cubeide/stm32cubeide/plugins/com.st.stm32cube.ide.mcu.externaltools.gnu-tools-for-stm32.10.3-2021.10.win32_1.0.0.202111181127/tools/bin/../lib/gcc/arm-none-eabi/10.3.1/../../../../arm-none-eabi/lib/thumb/v7-m/nofp\libc_nano.a(lib_a-strtol.o)
                0x0000000008009684                _strtol_r
 .text._write_r
                0x0000000008009688       0x24 e:/stm32cubeide/stm32cubeide/plugins/com.st.stm32cube.ide.mcu.externaltools.gnu-tools-for-stm32.10.3-2021.10.win32_1.0.0.202111181127/tools/bin/../lib/gcc/arm-none-eabi/10.3.1/../../../../arm-none-eabi/lib/thumb/v7-m/nofp\libc_nano.a(lib_a-writer.o)
                0x0000000008009688                _write_r
 .text._close_r
                0x00000000080096ac       0x20 e:/stm32cubeide/stm32cubeide/plugins/com.st.stm32cube.ide.mcu.externaltools.gnu-tools-for-stm32.10.3-2021.10.win32_1.0.0.202111181127/tools/bin/../lib/gcc/arm-none-eabi/10.3.1/../../../../arm-none-eabi/lib/thumb/v7-m/nofp\libc_nano.a(lib_a-closer.o)
                0x00000000080096ac                _close_r
 .text.quorem   0x00000000080096cc      0x118 e:/stm32cubeide/stm32cubeide/plugins/com.st.stm32cube.ide.mcu.externaltools.gnu-tools-for-stm32.10.3-2021.10.win32_1.0.0.202111181127/tools/bin/../lib/gcc/arm-none-eabi/10.3.1/../../../../arm-none-eabi/lib/thumb/v7-m/nofp\libc_nano.a(lib_a-dtoa.o)
 *fill*         0x00000000080097e4        0x4 
 .text._dtoa_r  0x00000000080097e8      0xbdc e:/stm32cubeide/stm32cubeide/plugins/com.st.stm32cube.ide.mcu.externaltools.gnu-tools-for-stm32.10.3-2021.10.win32_1.0.0.202111181127/tools/bin/../lib/gcc/arm-none-eabi/10.3.1/../../../../arm-none-eabi/lib/thumb/v7-m/nofp\libc_nano.a(lib_a-dtoa.o)
                0x00000000080097e8                _dtoa_r
 .text.rshift   0x000000000800a3c4       0xa6 e:/stm32cubeide/stm32cubeide/plugins/com.st.stm32cube.ide.mcu.externaltools.gnu-tools-for-stm32.10.3-2021.10.win32_1.0.0.202111181127/tools/bin/../lib/gcc/arm-none-eabi/10.3.1/../../../../arm-none-eabi/lib/thumb/v7-m/nofp\libc_nano.a(lib_a-gdtoa-gethex.o)
 .text.__hexdig_fun
                0x000000000800a46a       0x2a e:/stm32cubeide/stm32cubeide/plugins/com.st.stm32cube.ide.mcu.externaltools.gnu-tools-for-stm32.10.3-2021.10.win32_1.0.0.202111181127/tools/bin/../lib/gcc/arm-none-eabi/10.3.1/../../../../arm-none-eabi/lib/thumb/v7-m/nofp\libc_nano.a(lib_a-gdtoa-gethex.o)
                0x000000000800a46a                __hexdig_fun
 .text.__gethex
                0x000000000800a494      0x478 e:/stm32cubeide/stm32cubeide/plugins/com.st.stm32cube.ide.mcu.externaltools.gnu-tools-for-stm32.10.3-2021.10.win32_1.0.0.202111181127/tools/bin/../lib/gcc/arm-none-eabi/10.3.1/../../../../arm-none-eabi/lib/thumb/v7-m/nofp\libc_nano.a(lib_a-gdtoa-gethex.o)
                0x000000000800a494                __gethex
 .text.L_shift  0x000000000800a90c       0x24 e:/stm32cubeide/stm32cubeide/plugins/com.st.stm32cube.ide.mcu.externaltools.gnu-tools-for-stm32.10.3-2021.10.win32_1.0.0.202111181127/tools/bin/../lib/gcc/arm-none-eabi/10.3.1/../../../../arm-none-eabi/lib/thumb/v7-m/nofp\libc_nano.a(lib_a-gdtoa-hexnan.o)
 .text.__match  0x000000000800a930       0x28 e:/stm32cubeide/stm32cubeide/plugins/com.st.stm32cube.ide.mcu.externaltools.gnu-tools-for-stm32.10.3-2021.10.win32_1.0.0.202111181127/tools/bin/../lib/gcc/arm-none-eabi/10.3.1/../../../../arm-none-eabi/lib/thumb/v7-m/nofp\libc_nano.a(lib_a-gdtoa-hexnan.o)
                0x000000000800a930                __match
 .text.__hexnan
                0x000000000800a958      0x138 e:/stm32cubeide/stm32cubeide/plugins/com.st.stm32cube.ide.mcu.externaltools.gnu-tools-for-stm32.10.3-2021.10.win32_1.0.0.202111181127/tools/bin/../lib/gcc/arm-none-eabi/10.3.1/../../../../arm-none-eabi/lib/thumb/v7-m/nofp\libc_nano.a(lib_a-gdtoa-hexnan.o)
                0x000000000800a958                __hexnan
 .text._localeconv_r
                0x000000000800aa90        0x8 e:/stm32cubeide/stm32cubeide/plugins/com.st.stm32cube.ide.mcu.externaltools.gnu-tools-for-stm32.10.3-2021.10.win32_1.0.0.202111181127/tools/bin/../lib/gcc/arm-none-eabi/10.3.1/../../../../arm-none-eabi/lib/thumb/v7-m/nofp\libc_nano.a(lib_a-localeconv.o)
                0x000000000800aa90                _localeconv_r
 .text._lseek_r
                0x000000000800aa98       0x24 e:/stm32cubeide/stm32cubeide/plugins/com.st.stm32cube.ide.mcu.externaltools.gnu-tools-for-stm32.10.3-2021.10.win32_1.0.0.202111181127/tools/bin/../lib/gcc/arm-none-eabi/10.3.1/../../../../arm-none-eabi/lib/thumb/v7-m/nofp\libc_nano.a(lib_a-lseekr.o)
                0x000000000800aa98                _lseek_r
 .text.malloc   0x000000000800aabc       0x10 e:/stm32cubeide/stm32cubeide/plugins/com.st.stm32cube.ide.mcu.externaltools.gnu-tools-for-stm32.10.3-2021.10.win32_1.0.0.202111181127/tools/bin/../lib/gcc/arm-none-eabi/10.3.1/../../../../arm-none-eabi/lib/thumb/v7-m/nofp\libc_nano.a(lib_a-malloc.o)
                0x000000000800aabc                malloc
 .text.__ascii_mbtowc
                0x000000000800aacc       0x24 e:/stm32cubeide/stm32cubeide/plugins/com.st.stm32cube.ide.mcu.externaltools.gnu-tools-for-stm32.10.3-2021.10.win32_1.0.0.202111181127/tools/bin/../lib/gcc/arm-none-eabi/10.3.1/../../../../arm-none-eabi/lib/thumb/v7-m/nofp\libc_nano.a(lib_a-mbtowc_r.o)
                0x000000000800aacc                __ascii_mbtowc
 .text.memchr   0x000000000800aaf0       0x1c e:/stm32cubeide/stm32cubeide/plugins/com.st.stm32cube.ide.mcu.externaltools.gnu-tools-for-stm32.10.3-2021.10.win32_1.0.0.202111181127/tools/bin/../lib/gcc/arm-none-eabi/10.3.1/../../../../arm-none-eabi/lib/thumb/v7-m/nofp\libc_nano.a(lib_a-memchr-stub.o)
                0x000000000800aaf0                memchr
 .text._Balloc  0x000000000800ab0c       0x80 e:/stm32cubeide/stm32cubeide/plugins/com.st.stm32cube.ide.mcu.externaltools.gnu-tools-for-stm32.10.3-2021.10.win32_1.0.0.202111181127/tools/bin/../lib/gcc/arm-none-eabi/10.3.1/../../../../arm-none-eabi/lib/thumb/v7-m/nofp\libc_nano.a(lib_a-mprec.o)
                0x000000000800ab0c                _Balloc
 .text._Bfree   0x000000000800ab8c       0x44 e:/stm32cubeide/stm32cubeide/plugins/com.st.stm32cube.ide.mcu.externaltools.gnu-tools-for-stm32.10.3-2021.10.win32_1.0.0.202111181127/tools/bin/../lib/gcc/arm-none-eabi/10.3.1/../../../../arm-none-eabi/lib/thumb/v7-m/nofp\libc_nano.a(lib_a-mprec.o)
                0x000000000800ab8c                _Bfree
 .text.__multadd
                0x000000000800abd0       0x8c e:/stm32cubeide/stm32cubeide/plugins/com.st.stm32cube.ide.mcu.externaltools.gnu-tools-for-stm32.10.3-2021.10.win32_1.0.0.202111181127/tools/bin/../lib/gcc/arm-none-eabi/10.3.1/../../../../arm-none-eabi/lib/thumb/v7-m/nofp\libc_nano.a(lib_a-mprec.o)
                0x000000000800abd0                __multadd
 .text.__s2b    0x000000000800ac5c       0x94 e:/stm32cubeide/stm32cubeide/plugins/com.st.stm32cube.ide.mcu.externaltools.gnu-tools-for-stm32.10.3-2021.10.win32_1.0.0.202111181127/tools/bin/../lib/gcc/arm-none-eabi/10.3.1/../../../../arm-none-eabi/lib/thumb/v7-m/nofp\libc_nano.a(lib_a-mprec.o)
                0x000000000800ac5c                __s2b
 .text.__hi0bits
                0x000000000800acf0       0x40 e:/stm32cubeide/stm32cubeide/plugins/com.st.stm32cube.ide.mcu.externaltools.gnu-tools-for-stm32.10.3-2021.10.win32_1.0.0.202111181127/tools/bin/../lib/gcc/arm-none-eabi/10.3.1/../../../../arm-none-eabi/lib/thumb/v7-m/nofp\libc_nano.a(lib_a-mprec.o)
                0x000000000800acf0                __hi0bits
 .text.__lo0bits
                0x000000000800ad30       0x5a e:/stm32cubeide/stm32cubeide/plugins/com.st.stm32cube.ide.mcu.externaltools.gnu-tools-for-stm32.10.3-2021.10.win32_1.0.0.202111181127/tools/bin/../lib/gcc/arm-none-eabi/10.3.1/../../../../arm-none-eabi/lib/thumb/v7-m/nofp\libc_nano.a(lib_a-mprec.o)
                0x000000000800ad30                __lo0bits
 *fill*         0x000000000800ad8a        0x2 
 .text.__i2b    0x000000000800ad8c       0x2c e:/stm32cubeide/stm32cubeide/plugins/com.st.stm32cube.ide.mcu.externaltools.gnu-tools-for-stm32.10.3-2021.10.win32_1.0.0.202111181127/tools/bin/../lib/gcc/arm-none-eabi/10.3.1/../../../../arm-none-eabi/lib/thumb/v7-m/nofp\libc_nano.a(lib_a-mprec.o)
                0x000000000800ad8c                __i2b
 .text.__multiply
                0x000000000800adb8      0x150 e:/stm32cubeide/stm32cubeide/plugins/com.st.stm32cube.ide.mcu.externaltools.gnu-tools-for-stm32.10.3-2021.10.win32_1.0.0.202111181127/tools/bin/../lib/gcc/arm-none-eabi/10.3.1/../../../../arm-none-eabi/lib/thumb/v7-m/nofp\libc_nano.a(lib_a-mprec.o)
                0x000000000800adb8                __multiply
 .text.__pow5mult
                0x000000000800af08       0xb4 e:/stm32cubeide/stm32cubeide/plugins/com.st.stm32cube.ide.mcu.externaltools.gnu-tools-for-stm32.10.3-2021.10.win32_1.0.0.202111181127/tools/bin/../lib/gcc/arm-none-eabi/10.3.1/../../../../arm-none-eabi/lib/thumb/v7-m/nofp\libc_nano.a(lib_a-mprec.o)
                0x000000000800af08                __pow5mult
 .text.__lshift
                0x000000000800afbc       0xe0 e:/stm32cubeide/stm32cubeide/plugins/com.st.stm32cube.ide.mcu.externaltools.gnu-tools-for-stm32.10.3-2021.10.win32_1.0.0.202111181127/tools/bin/../lib/gcc/arm-none-eabi/10.3.1/../../../../arm-none-eabi/lib/thumb/v7-m/nofp\libc_nano.a(lib_a-mprec.o)
                0x000000000800afbc                __lshift
 .text.__mcmp   0x000000000800b09c       0x36 e:/stm32cubeide/stm32cubeide/plugins/com.st.stm32cube.ide.mcu.externaltools.gnu-tools-for-stm32.10.3-2021.10.win32_1.0.0.202111181127/tools/bin/../lib/gcc/arm-none-eabi/10.3.1/../../../../arm-none-eabi/lib/thumb/v7-m/nofp\libc_nano.a(lib_a-mprec.o)
                0x000000000800b09c                __mcmp
 *fill*         0x000000000800b0d2        0x2 
 .text.__mdiff  0x000000000800b0d4      0x118 e:/stm32cubeide/stm32cubeide/plugins/com.st.stm32cube.ide.mcu.externaltools.gnu-tools-for-stm32.10.3-2021.10.win32_1.0.0.202111181127/tools/bin/../lib/gcc/arm-none-eabi/10.3.1/../../../../arm-none-eabi/lib/thumb/v7-m/nofp\libc_nano.a(lib_a-mprec.o)
                0x000000000800b0d4                __mdiff
 .text.__ulp    0x000000000800b1ec       0x4c e:/stm32cubeide/stm32cubeide/plugins/com.st.stm32cube.ide.mcu.externaltools.gnu-tools-for-stm32.10.3-2021.10.win32_1.0.0.202111181127/tools/bin/../lib/gcc/arm-none-eabi/10.3.1/../../../../arm-none-eabi/lib/thumb/v7-m/nofp\libc_nano.a(lib_a-mprec.o)
                0x000000000800b1ec                __ulp
 .text.__b2d    0x000000000800b238       0xa8 e:/stm32cubeide/stm32cubeide/plugins/com.st.stm32cube.ide.mcu.externaltools.gnu-tools-for-stm32.10.3-2021.10.win32_1.0.0.202111181127/tools/bin/../lib/gcc/arm-none-eabi/10.3.1/../../../../arm-none-eabi/lib/thumb/v7-m/nofp\libc_nano.a(lib_a-mprec.o)
                0x000000000800b238                __b2d
 .text.__d2b    0x000000000800b2e0       0xb8 e:/stm32cubeide/stm32cubeide/plugins/com.st.stm32cube.ide.mcu.externaltools.gnu-tools-for-stm32.10.3-2021.10.win32_1.0.0.202111181127/tools/bin/../lib/gcc/arm-none-eabi/10.3.1/../../../../arm-none-eabi/lib/thumb/v7-m/nofp\libc_nano.a(lib_a-mprec.o)
                0x000000000800b2e0                __d2b
 .text.__ratio  0x000000000800b398       0x5c e:/stm32cubeide/stm32cubeide/plugins/com.st.stm32cube.ide.mcu.externaltools.gnu-tools-for-stm32.10.3-2021.10.win32_1.0.0.202111181127/tools/bin/../lib/gcc/arm-none-eabi/10.3.1/../../../../arm-none-eabi/lib/thumb/v7-m/nofp\libc_nano.a(lib_a-mprec.o)
                0x000000000800b398                __ratio
 .text.__copybits
                0x000000000800b3f4       0x46 e:/stm32cubeide/stm32cubeide/plugins/com.st.stm32cube.ide.mcu.externaltools.gnu-tools-for-stm32.10.3-2021.10.win32_1.0.0.202111181127/tools/bin/../lib/gcc/arm-none-eabi/10.3.1/../../../../arm-none-eabi/lib/thumb/v7-m/nofp\libc_nano.a(lib_a-mprec.o)
                0x000000000800b3f4                __copybits
 .text.__any_on
                0x000000000800b43a       0x42 e:/stm32cubeide/stm32cubeide/plugins/com.st.stm32cube.ide.mcu.externaltools.gnu-tools-for-stm32.10.3-2021.10.win32_1.0.0.202111181127/tools/bin/../lib/gcc/arm-none-eabi/10.3.1/../../../../arm-none-eabi/lib/thumb/v7-m/nofp\libc_nano.a(lib_a-mprec.o)
                0x000000000800b43a                __any_on
 .text._calloc_r
                0x000000000800b47c       0x28 e:/stm32cubeide/stm32cubeide/plugins/com.st.stm32cube.ide.mcu.externaltools.gnu-tools-for-stm32.10.3-2021.10.win32_1.0.0.202111181127/tools/bin/../lib/gcc/arm-none-eabi/10.3.1/../../../../arm-none-eabi/lib/thumb/v7-m/nofp\libc_nano.a(lib_a-nano-callocr.o)
                0x000000000800b47c                _calloc_r
 .text._free_r  0x000000000800b4a4       0x90 e:/stm32cubeide/stm32cubeide/plugins/com.st.stm32cube.ide.mcu.externaltools.gnu-tools-for-stm32.10.3-2021.10.win32_1.0.0.202111181127/tools/bin/../lib/gcc/arm-none-eabi/10.3.1/../../../../arm-none-eabi/lib/thumb/v7-m/nofp\libc_nano.a(lib_a-nano-freer.o)
                0x000000000800b4a4                _free_r
 .text.sbrk_aligned
                0x000000000800b534       0x40 e:/stm32cubeide/stm32cubeide/plugins/com.st.stm32cube.ide.mcu.externaltools.gnu-tools-for-stm32.10.3-2021.10.win32_1.0.0.202111181127/tools/bin/../lib/gcc/arm-none-eabi/10.3.1/../../../../arm-none-eabi/lib/thumb/v7-m/nofp\libc_nano.a(lib_a-nano-mallocr.o)
 .text._malloc_r
                0x000000000800b574       0xe8 e:/stm32cubeide/stm32cubeide/plugins/com.st.stm32cube.ide.mcu.externaltools.gnu-tools-for-stm32.10.3-2021.10.win32_1.0.0.202111181127/tools/bin/../lib/gcc/arm-none-eabi/10.3.1/../../../../arm-none-eabi/lib/thumb/v7-m/nofp\libc_nano.a(lib_a-nano-mallocr.o)
                0x000000000800b574                _malloc_r
 .text.__ssputs_r
                0x000000000800b65c       0xb6 e:/stm32cubeide/stm32cubeide/plugins/com.st.stm32cube.ide.mcu.externaltools.gnu-tools-for-stm32.10.3-2021.10.win32_1.0.0.202111181127/tools/bin/../lib/gcc/arm-none-eabi/10.3.1/../../../../arm-none-eabi/lib/thumb/v7-m/nofp\libc_nano.a(lib_a-nano-svfprintf.o)
                0x000000000800b65c                __ssputs_r
 *fill*         0x000000000800b712        0x2 
 .text._svfprintf_r
                0x000000000800b714      0x200 e:/stm32cubeide/stm32cubeide/plugins/com.st.stm32cube.ide.mcu.externaltools.gnu-tools-for-stm32.10.3-2021.10.win32_1.0.0.202111181127/tools/bin/../lib/gcc/arm-none-eabi/10.3.1/../../../../arm-none-eabi/lib/thumb/v7-m/nofp\libc_nano.a(lib_a-nano-svfprintf.o)
                0x000000000800b714                _svfiprintf_r
                0x000000000800b714                _svfprintf_r
 .text._sungetc_r
                0x000000000800b914       0x7a e:/stm32cubeide/stm32cubeide/plugins/com.st.stm32cube.ide.mcu.externaltools.gnu-tools-for-stm32.10.3-2021.10.win32_1.0.0.202111181127/tools/bin/../lib/gcc/arm-none-eabi/10.3.1/../../../../arm-none-eabi/lib/thumb/v7-m/nofp\libc_nano.a(lib_a-nano-svfscanf.o)
                0x000000000800b914                _sungetc_r
 .text.__ssrefill_r
                0x000000000800b98e       0x3a e:/stm32cubeide/stm32cubeide/plugins/com.st.stm32cube.ide.mcu.externaltools.gnu-tools-for-stm32.10.3-2021.10.win32_1.0.0.202111181127/tools/bin/../lib/gcc/arm-none-eabi/10.3.1/../../../../arm-none-eabi/lib/thumb/v7-m/nofp\libc_nano.a(lib_a-nano-svfscanf.o)
                0x000000000800b98e                __ssrefill_r
 .text.__ssvfscanf_r
                0x000000000800b9c8      0x2f4 e:/stm32cubeide/stm32cubeide/plugins/com.st.stm32cube.ide.mcu.externaltools.gnu-tools-for-stm32.10.3-2021.10.win32_1.0.0.202111181127/tools/bin/../lib/gcc/arm-none-eabi/10.3.1/../../../../arm-none-eabi/lib/thumb/v7-m/nofp\libc_nano.a(lib_a-nano-svfscanf.o)
                0x000000000800b9c8                __ssvfiscanf_r
                0x000000000800b9c8                __ssvfscanf_r
 .text._scanf_chars
                0x000000000800bcbc       0xb4 e:/stm32cubeide/stm32cubeide/plugins/com.st.stm32cube.ide.mcu.externaltools.gnu-tools-for-stm32.10.3-2021.10.win32_1.0.0.202111181127/tools/bin/../lib/gcc/arm-none-eabi/10.3.1/../../../../arm-none-eabi/lib/thumb/v7-m/nofp\libc_nano.a(lib_a-nano-vfscanf_i.o)
                0x000000000800bcbc                _scanf_chars
 .text._scanf_i
                0x000000000800bd70      0x1f0 e:/stm32cubeide/stm32cubeide/plugins/com.st.stm32cube.ide.mcu.externaltools.gnu-tools-for-stm32.10.3-2021.10.win32_1.0.0.202111181127/tools/bin/../lib/gcc/arm-none-eabi/10.3.1/../../../../arm-none-eabi/lib/thumb/v7-m/nofp\libc_nano.a(lib_a-nano-vfscanf_i.o)
                0x000000000800bd70                _scanf_i
 .text._read_r  0x000000000800bf60       0x24 e:/stm32cubeide/stm32cubeide/plugins/com.st.stm32cube.ide.mcu.externaltools.gnu-tools-for-stm32.10.3-2021.10.win32_1.0.0.202111181127/tools/bin/../lib/gcc/arm-none-eabi/10.3.1/../../../../arm-none-eabi/lib/thumb/v7-m/nofp\libc_nano.a(lib_a-readr.o)
                0x000000000800bf60                _read_r
 .text.nan      0x000000000800bf84        0xc e:/stm32cubeide/stm32cubeide/plugins/com.st.stm32cube.ide.mcu.externaltools.gnu-tools-for-stm32.10.3-2021.10.win32_1.0.0.202111181127/tools/bin/../lib/gcc/arm-none-eabi/10.3.1/../../../../arm-none-eabi/lib/thumb/v7-m/nofp\libc_nano.a(lib_a-s_nan.o)
                0x000000000800bf84                nan
 .text._sbrk_r  0x000000000800bf90       0x20 e:/stm32cubeide/stm32cubeide/plugins/com.st.stm32cube.ide.mcu.externaltools.gnu-tools-for-stm32.10.3-2021.10.win32_1.0.0.202111181127/tools/bin/../lib/gcc/arm-none-eabi/10.3.1/../../../../arm-none-eabi/lib/thumb/v7-m/nofp\libc_nano.a(lib_a-sbrkr.o)
                0x000000000800bf90                _sbrk_r
 .text.__sccl   0x000000000800bfb0       0x70 e:/stm32cubeide/stm32cubeide/plugins/com.st.stm32cube.ide.mcu.externaltools.gnu-tools-for-stm32.10.3-2021.10.win32_1.0.0.202111181127/tools/bin/../lib/gcc/arm-none-eabi/10.3.1/../../../../arm-none-eabi/lib/thumb/v7-m/nofp\libc_nano.a(lib_a-sccl.o)
                0x000000000800bfb0                __sccl
 .text.strncmp  0x000000000800c020       0x28 e:/stm32cubeide/stm32cubeide/plugins/com.st.stm32cube.ide.mcu.externaltools.gnu-tools-for-stm32.10.3-2021.10.win32_1.0.0.202111181127/tools/bin/../lib/gcc/arm-none-eabi/10.3.1/../../../../arm-none-eabi/lib/thumb/v7-m/nofp\libc_nano.a(lib_a-strncmp.o)
                0x000000000800c020                strncmp
 .text._strtoul_l.constprop.0
                0x000000000800c048       0xe4 e:/stm32cubeide/stm32cubeide/plugins/com.st.stm32cube.ide.mcu.externaltools.gnu-tools-for-stm32.10.3-2021.10.win32_1.0.0.202111181127/tools/bin/../lib/gcc/arm-none-eabi/10.3.1/../../../../arm-none-eabi/lib/thumb/v7-m/nofp\libc_nano.a(lib_a-strtoul.o)
 .text._strtoul_r
                0x000000000800c12c        0x4 e:/stm32cubeide/stm32cubeide/plugins/com.st.stm32cube.ide.mcu.externaltools.gnu-tools-for-stm32.10.3-2021.10.win32_1.0.0.202111181127/tools/bin/../lib/gcc/arm-none-eabi/10.3.1/../../../../arm-none-eabi/lib/thumb/v7-m/nofp\libc_nano.a(lib_a-strtoul.o)
                0x000000000800c12c                _strtoul_r
 .text.__submore
                0x000000000800c130       0x70 e:/stm32cubeide/stm32cubeide/plugins/com.st.stm32cube.ide.mcu.externaltools.gnu-tools-for-stm32.10.3-2021.10.win32_1.0.0.202111181127/tools/bin/../lib/gcc/arm-none-eabi/10.3.1/../../../../arm-none-eabi/lib/thumb/v7-m/nofp\libc_nano.a(lib_a-ungetc.o)
                0x000000000800c130                __submore
 .text.__ascii_wctomb
                0x000000000800c1a0       0x1a e:/stm32cubeide/stm32cubeide/plugins/com.st.stm32cube.ide.mcu.externaltools.gnu-tools-for-stm32.10.3-2021.10.win32_1.0.0.202111181127/tools/bin/../lib/gcc/arm-none-eabi/10.3.1/../../../../arm-none-eabi/lib/thumb/v7-m/nofp\libc_nano.a(lib_a-wctomb_r.o)
                0x000000000800c1a0                __ascii_wctomb
 *fill*         0x000000000800c1ba        0x2 
 .text.__assert_func
                0x000000000800c1bc       0x3c e:/stm32cubeide/stm32cubeide/plugins/com.st.stm32cube.ide.mcu.externaltools.gnu-tools-for-stm32.10.3-2021.10.win32_1.0.0.202111181127/tools/bin/../lib/gcc/arm-none-eabi/10.3.1/../../../../arm-none-eabi/lib/thumb/v7-m/nofp\libc_nano.a(lib_a-assert.o)
                0x000000000800c1bc                __assert_func
 .text.__sflush_r
                0x000000000800c1f8      0x104 e:/stm32cubeide/stm32cubeide/plugins/com.st.stm32cube.ide.mcu.externaltools.gnu-tools-for-stm32.10.3-2021.10.win32_1.0.0.202111181127/tools/bin/../lib/gcc/arm-none-eabi/10.3.1/../../../../arm-none-eabi/lib/thumb/v7-m/nofp\libc_nano.a(lib_a-fflush.o)
                0x000000000800c1f8                __sflush_r
 .text._fflush_r
                0x000000000800c2fc       0x78 e:/stm32cubeide/stm32cubeide/plugins/com.st.stm32cube.ide.mcu.externaltools.gnu-tools-for-stm32.10.3-2021.10.win32_1.0.0.202111181127/tools/bin/../lib/gcc/arm-none-eabi/10.3.1/../../../../arm-none-eabi/lib/thumb/v7-m/nofp\libc_nano.a(lib_a-fflush.o)
                0x000000000800c2fc                _fflush_r
 .text.std      0x000000000800c374       0x48 e:/stm32cubeide/stm32cubeide/plugins/com.st.stm32cube.ide.mcu.externaltools.gnu-tools-for-stm32.10.3-2021.10.win32_1.0.0.202111181127/tools/bin/../lib/gcc/arm-none-eabi/10.3.1/../../../../arm-none-eabi/lib/thumb/v7-m/nofp\libc_nano.a(lib_a-findfp.o)
 .text._cleanup_r
                0x000000000800c3bc        0xc e:/stm32cubeide/stm32cubeide/plugins/com.st.stm32cube.ide.mcu.externaltools.gnu-tools-for-stm32.10.3-2021.10.win32_1.0.0.202111181127/tools/bin/../lib/gcc/arm-none-eabi/10.3.1/../../../../arm-none-eabi/lib/thumb/v7-m/nofp\libc_nano.a(lib_a-findfp.o)
                0x000000000800c3bc                _cleanup_r
 .text.__sfmoreglue
                0x000000000800c3c8       0x2c e:/stm32cubeide/stm32cubeide/plugins/com.st.stm32cube.ide.mcu.externaltools.gnu-tools-for-stm32.10.3-2021.10.win32_1.0.0.202111181127/tools/bin/../lib/gcc/arm-none-eabi/10.3.1/../../../../arm-none-eabi/lib/thumb/v7-m/nofp\libc_nano.a(lib_a-findfp.o)
                0x000000000800c3c8                __sfmoreglue
 .text.__sfp_lock_acquire
                0x000000000800c3f4        0xc e:/stm32cubeide/stm32cubeide/plugins/com.st.stm32cube.ide.mcu.externaltools.gnu-tools-for-stm32.10.3-2021.10.win32_1.0.0.202111181127/tools/bin/../lib/gcc/arm-none-eabi/10.3.1/../../../../arm-none-eabi/lib/thumb/v7-m/nofp\libc_nano.a(lib_a-findfp.o)
                0x000000000800c3f4                __sfp_lock_acquire
 .text.__sfp_lock_release
                0x000000000800c400        0xc e:/stm32cubeide/stm32cubeide/plugins/com.st.stm32cube.ide.mcu.externaltools.gnu-tools-for-stm32.10.3-2021.10.win32_1.0.0.202111181127/tools/bin/../lib/gcc/arm-none-eabi/10.3.1/../../../../arm-none-eabi/lib/thumb/v7-m/nofp\libc_nano.a(lib_a-findfp.o)
                0x000000000800c400                __sfp_lock_release
 .text.__sinit_lock_acquire
                0x000000000800c40c        0xc e:/stm32cubeide/stm32cubeide/plugins/com.st.stm32cube.ide.mcu.externaltools.gnu-tools-for-stm32.10.3-2021.10.win32_1.0.0.202111181127/tools/bin/../lib/gcc/arm-none-eabi/10.3.1/../../../../arm-none-eabi/lib/thumb/v7-m/nofp\libc_nano.a(lib_a-findfp.o)
                0x000000000800c40c                __sinit_lock_acquire
 .text.__sinit_lock_release
                0x000000000800c418        0xc e:/stm32cubeide/stm32cubeide/plugins/com.st.stm32cube.ide.mcu.externaltools.gnu-tools-for-stm32.10.3-2021.10.win32_1.0.0.202111181127/tools/bin/../lib/gcc/arm-none-eabi/10.3.1/../../../../arm-none-eabi/lib/thumb/v7-m/nofp\libc_nano.a(lib_a-findfp.o)
                0x000000000800c418                __sinit_lock_release
 .text.__sinit  0x000000000800c424       0x70 e:/stm32cubeide/stm32cubeide/plugins/com.st.stm32cube.ide.mcu.externaltools.gnu-tools-for-stm32.10.3-2021.10.win32_1.0.0.202111181127/tools/bin/../lib/gcc/arm-none-eabi/10.3.1/../../../../arm-none-eabi/lib/thumb/v7-m/nofp\libc_nano.a(lib_a-findfp.o)
                0x000000000800c424                __sinit
 .text.__sfp    0x000000000800c494       0x8c e:/stm32cubeide/stm32cubeide/plugins/com.st.stm32cube.ide.mcu.externaltools.gnu-tools-for-stm32.10.3-2021.10.win32_1.0.0.202111181127/tools/bin/../lib/gcc/arm-none-eabi/10.3.1/../../../../arm-none-eabi/lib/thumb/v7-m/nofp\libc_nano.a(lib_a-findfp.o)
                0x000000000800c494                __sfp
 .text.fprintf  0x000000000800c520       0x24 e:/stm32cubeide/stm32cubeide/plugins/com.st.stm32cube.ide.mcu.externaltools.gnu-tools-for-stm32.10.3-2021.10.win32_1.0.0.202111181127/tools/bin/../lib/gcc/arm-none-eabi/10.3.1/../../../../arm-none-eabi/lib/thumb/v7-m/nofp\libc_nano.a(lib_a-fprintf.o)
                0x000000000800c520                fiprintf
                0x000000000800c520                fprintf
 .text._fwalk_reent
                0x000000000800c544       0x3e e:/stm32cubeide/stm32cubeide/plugins/com.st.stm32cube.ide.mcu.externaltools.gnu-tools-for-stm32.10.3-2021.10.win32_1.0.0.202111181127/tools/bin/../lib/gcc/arm-none-eabi/10.3.1/../../../../arm-none-eabi/lib/thumb/v7-m/nofp\libc_nano.a(lib_a-fwalk.o)
                0x000000000800c544                _fwalk_reent
 .text.__retarget_lock_init_recursive
                0x000000000800c582        0x2 e:/stm32cubeide/stm32cubeide/plugins/com.st.stm32cube.ide.mcu.externaltools.gnu-tools-for-stm32.10.3-2021.10.win32_1.0.0.202111181127/tools/bin/../lib/gcc/arm-none-eabi/10.3.1/../../../../arm-none-eabi/lib/thumb/v7-m/nofp\libc_nano.a(lib_a-lock.o)
                0x000000000800c582                __retarget_lock_init_recursive
 .text.__retarget_lock_acquire_recursive
                0x000000000800c584        0x2 e:/stm32cubeide/stm32cubeide/plugins/com.st.stm32cube.ide.mcu.externaltools.gnu-tools-for-stm32.10.3-2021.10.win32_1.0.0.202111181127/tools/bin/../lib/gcc/arm-none-eabi/10.3.1/../../../../arm-none-eabi/lib/thumb/v7-m/nofp\libc_nano.a(lib_a-lock.o)
                0x000000000800c584                __retarget_lock_acquire_recursive
 .text.__retarget_lock_release_recursive
                0x000000000800c586        0x2 e:/stm32cubeide/stm32cubeide/plugins/com.st.stm32cube.ide.mcu.externaltools.gnu-tools-for-stm32.10.3-2021.10.win32_1.0.0.202111181127/tools/bin/../lib/gcc/arm-none-eabi/10.3.1/../../../../arm-none-eabi/lib/thumb/v7-m/nofp\libc_nano.a(lib_a-lock.o)
                0x000000000800c586                __retarget_lock_release_recursive
 .text.memmove  0x000000000800c588       0x34 e:/stm32cubeide/stm32cubeide/plugins/com.st.stm32cube.ide.mcu.externaltools.gnu-tools-for-stm32.10.3-2021.10.win32_1.0.0.202111181127/tools/bin/../lib/gcc/arm-none-eabi/10.3.1/../../../../arm-none-eabi/lib/thumb/v7-m/nofp\libc_nano.a(lib_a-memmove.o)
                0x000000000800c588                memmove
 .text.__malloc_lock
                0x000000000800c5bc        0xc e:/stm32cubeide/stm32cubeide/plugins/com.st.stm32cube.ide.mcu.externaltools.gnu-tools-for-stm32.10.3-2021.10.win32_1.0.0.202111181127/tools/bin/../lib/gcc/arm-none-eabi/10.3.1/../../../../arm-none-eabi/lib/thumb/v7-m/nofp\libc_nano.a(lib_a-mlock.o)
                0x000000000800c5bc                __malloc_lock
 .text.__malloc_unlock
                0x000000000800c5c8        0xc e:/stm32cubeide/stm32cubeide/plugins/com.st.stm32cube.ide.mcu.externaltools.gnu-tools-for-stm32.10.3-2021.10.win32_1.0.0.202111181127/tools/bin/../lib/gcc/arm-none-eabi/10.3.1/../../../../arm-none-eabi/lib/thumb/v7-m/nofp\libc_nano.a(lib_a-mlock.o)
                0x000000000800c5c8                __malloc_unlock
 .text._realloc_r
                0x000000000800c5d4       0x5e e:/stm32cubeide/stm32cubeide/plugins/com.st.stm32cube.ide.mcu.externaltools.gnu-tools-for-stm32.10.3-2021.10.win32_1.0.0.202111181127/tools/bin/../lib/gcc/arm-none-eabi/10.3.1/../../../../arm-none-eabi/lib/thumb/v7-m/nofp\libc_nano.a(lib_a-nano-reallocr.o)
                0x000000000800c5d4                _realloc_r
 .text.__sfputc_r
                0x000000000800c632       0x2a e:/stm32cubeide/stm32cubeide/plugins/com.st.stm32cube.ide.mcu.externaltools.gnu-tools-for-stm32.10.3-2021.10.win32_1.0.0.202111181127/tools/bin/../lib/gcc/arm-none-eabi/10.3.1/../../../../arm-none-eabi/lib/thumb/v7-m/nofp\libc_nano.a(lib_a-nano-vfprintf.o)
 .text.__sfputs_r
                0x000000000800c65c       0x24 e:/stm32cubeide/stm32cubeide/plugins/com.st.stm32cube.ide.mcu.externaltools.gnu-tools-for-stm32.10.3-2021.10.win32_1.0.0.202111181127/tools/bin/../lib/gcc/arm-none-eabi/10.3.1/../../../../arm-none-eabi/lib/thumb/v7-m/nofp\libc_nano.a(lib_a-nano-vfprintf.o)
                0x000000000800c65c                __sfputs_r
 .text._vfprintf_r
                0x000000000800c680      0x260 e:/stm32cubeide/stm32cubeide/plugins/com.st.stm32cube.ide.mcu.externaltools.gnu-tools-for-stm32.10.3-2021.10.win32_1.0.0.202111181127/tools/bin/../lib/gcc/arm-none-eabi/10.3.1/../../../../arm-none-eabi/lib/thumb/v7-m/nofp\libc_nano.a(lib_a-nano-vfprintf.o)
                0x000000000800c680                _vfprintf_r
                0x000000000800c680                _vfiprintf_r
 .text.__swbuf_r
                0x000000000800c8e0       0xa4 e:/stm32cubeide/stm32cubeide/plugins/com.st.stm32cube.ide.mcu.externaltools.gnu-tools-for-stm32.10.3-2021.10.win32_1.0.0.202111181127/tools/bin/../lib/gcc/arm-none-eabi/10.3.1/../../../../arm-none-eabi/lib/thumb/v7-m/nofp\libc_nano.a(lib_a-wbuf.o)
                0x000000000800c8e0                __swbuf_r
 .text.__swsetup_r
                0x000000000800c984       0xdc e:/stm32cubeide/stm32cubeide/plugins/com.st.stm32cube.ide.mcu.externaltools.gnu-tools-for-stm32.10.3-2021.10.win32_1.0.0.202111181127/tools/bin/../lib/gcc/arm-none-eabi/10.3.1/../../../../arm-none-eabi/lib/thumb/v7-m/nofp\libc_nano.a(lib_a-wsetup.o)
                0x000000000800c984                __swsetup_r
 .text.abort    0x000000000800ca60        0xe e:/stm32cubeide/stm32cubeide/plugins/com.st.stm32cube.ide.mcu.externaltools.gnu-tools-for-stm32.10.3-2021.10.win32_1.0.0.202111181127/tools/bin/../lib/gcc/arm-none-eabi/10.3.1/../../../../arm-none-eabi/lib/thumb/v7-m/nofp\libc_nano.a(lib_a-abort.o)
                0x000000000800ca60                abort
 .text.__swhatbuf_r
                0x000000000800ca6e       0x4a e:/stm32cubeide/stm32cubeide/plugins/com.st.stm32cube.ide.mcu.externaltools.gnu-tools-for-stm32.10.3-2021.10.win32_1.0.0.202111181127/tools/bin/../lib/gcc/arm-none-eabi/10.3.1/../../../../arm-none-eabi/lib/thumb/v7-m/nofp\libc_nano.a(lib_a-makebuf.o)
                0x000000000800ca6e                __swhatbuf_r
 .text.__smakebuf_r
                0x000000000800cab8       0x80 e:/stm32cubeide/stm32cubeide/plugins/com.st.stm32cube.ide.mcu.externaltools.gnu-tools-for-stm32.10.3-2021.10.win32_1.0.0.202111181127/tools/bin/../lib/gcc/arm-none-eabi/10.3.1/../../../../arm-none-eabi/lib/thumb/v7-m/nofp\libc_nano.a(lib_a-makebuf.o)
                0x000000000800cab8                __smakebuf_r
 .text._malloc_usable_size_r
                0x000000000800cb38       0x10 e:/stm32cubeide/stm32cubeide/plugins/com.st.stm32cube.ide.mcu.externaltools.gnu-tools-for-stm32.10.3-2021.10.win32_1.0.0.202111181127/tools/bin/../lib/gcc/arm-none-eabi/10.3.1/../../../../arm-none-eabi/lib/thumb/v7-m/nofp\libc_nano.a(lib_a-nano-msizer.o)
                0x000000000800cb38                _malloc_usable_size_r
 .text._raise_r
                0x000000000800cb48       0x50 e:/stm32cubeide/stm32cubeide/plugins/com.st.stm32cube.ide.mcu.externaltools.gnu-tools-for-stm32.10.3-2021.10.win32_1.0.0.202111181127/tools/bin/../lib/gcc/arm-none-eabi/10.3.1/../../../../arm-none-eabi/lib/thumb/v7-m/nofp\libc_nano.a(lib_a-signal.o)
                0x000000000800cb48                _raise_r
 .text.raise    0x000000000800cb98       0x10 e:/stm32cubeide/stm32cubeide/plugins/com.st.stm32cube.ide.mcu.externaltools.gnu-tools-for-stm32.10.3-2021.10.win32_1.0.0.202111181127/tools/bin/../lib/gcc/arm-none-eabi/10.3.1/../../../../arm-none-eabi/lib/thumb/v7-m/nofp\libc_nano.a(lib_a-signal.o)
                0x000000000800cb98                raise
 .text._kill_r  0x000000000800cba8       0x24 e:/stm32cubeide/stm32cubeide/plugins/com.st.stm32cube.ide.mcu.externaltools.gnu-tools-for-stm32.10.3-2021.10.win32_1.0.0.202111181127/tools/bin/../lib/gcc/arm-none-eabi/10.3.1/../../../../arm-none-eabi/lib/thumb/v7-m/nofp\libc_nano.a(lib_a-signalr.o)
                0x000000000800cba8                _kill_r
 .text._getpid_r
                0x000000000800cbcc        0x4 e:/stm32cubeide/stm32cubeide/plugins/com.st.stm32cube.ide.mcu.externaltools.gnu-tools-for-stm32.10.3-2021.10.win32_1.0.0.202111181127/tools/bin/../lib/gcc/arm-none-eabi/10.3.1/../../../../arm-none-eabi/lib/thumb/v7-m/nofp\libc_nano.a(lib_a-signalr.o)
                0x000000000800cbcc                _getpid_r
 .text._fstat_r
                0x000000000800cbd0       0x24 e:/stm32cubeide/stm32cubeide/plugins/com.st.stm32cube.ide.mcu.externaltools.gnu-tools-for-stm32.10.3-2021.10.win32_1.0.0.202111181127/tools/bin/../lib/gcc/arm-none-eabi/10.3.1/../../../../arm-none-eabi/lib/thumb/v7-m/nofp\libc_nano.a(lib_a-fstatr.o)
                0x000000000800cbd0                _fstat_r
 .text._isatty_r
                0x000000000800cbf4       0x20 e:/stm32cubeide/stm32cubeide/plugins/com.st.stm32cube.ide.mcu.externaltools.gnu-tools-for-stm32.10.3-2021.10.win32_1.0.0.202111181127/tools/bin/../lib/gcc/arm-none-eabi/10.3.1/../../../../arm-none-eabi/lib/thumb/v7-m/nofp\libc_nano.a(lib_a-isattyr.o)
                0x000000000800cbf4                _isatty_r
 *(.glue_7)
 .glue_7        0x000000000800cc14        0x0 linker stubs
 *(.glue_7t)
 .glue_7t       0x000000000800cc14        0x0 linker stubs
 *(.eh_frame)
 .eh_frame      0x000000000800cc14        0x0 e:/stm32cubeide/stm32cubeide/plugins/com.st.stm32cube.ide.mcu.externaltools.gnu-tools-for-stm32.10.3-2021.10.win32_1.0.0.202111181127/tools/bin/../lib/gcc/arm-none-eabi/10.3.1/thumb/v7-m/nofp/crtbegin.o
 *(.init)
 .init          0x000000000800cc14        0x4 e:/stm32cubeide/stm32cubeide/plugins/com.st.stm32cube.ide.mcu.externaltools.gnu-tools-for-stm32.10.3-2021.10.win32_1.0.0.202111181127/tools/bin/../lib/gcc/arm-none-eabi/10.3.1/thumb/v7-m/nofp/crti.o
                0x000000000800cc14                _init
 .init          0x000000000800cc18        0x8 e:/stm32cubeide/stm32cubeide/plugins/com.st.stm32cube.ide.mcu.externaltools.gnu-tools-for-stm32.10.3-2021.10.win32_1.0.0.202111181127/tools/bin/../lib/gcc/arm-none-eabi/10.3.1/thumb/v7-m/nofp/crtn.o
 *(.fini)
 .fini          0x000000000800cc20        0x4 e:/stm32cubeide/stm32cubeide/plugins/com.st.stm32cube.ide.mcu.externaltools.gnu-tools-for-stm32.10.3-2021.10.win32_1.0.0.202111181127/tools/bin/../lib/gcc/arm-none-eabi/10.3.1/thumb/v7-m/nofp/crti.o
                0x000000000800cc20                _fini
 .fini          0x000000000800cc24        0x8 e:/stm32cubeide/stm32cubeide/plugins/com.st.stm32cube.ide.mcu.externaltools.gnu-tools-for-stm32.10.3-2021.10.win32_1.0.0.202111181127/tools/bin/../lib/gcc/arm-none-eabi/10.3.1/thumb/v7-m/nofp/crtn.o
                0x000000000800cc2c                . = ALIGN (0x4)
                0x000000000800cc2c                _etext = .

.vfp11_veneer   0x000000000800cc2c        0x0
 .vfp11_veneer  0x000000000800cc2c        0x0 linker stubs

.v4_bx          0x000000000800cc2c        0x0
 .v4_bx         0x000000000800cc2c        0x0 linker stubs

.iplt           0x000000000800cc2c        0x0
 .iplt          0x000000000800cc2c        0x0 e:/stm32cubeide/stm32cubeide/plugins/com.st.stm32cube.ide.mcu.externaltools.gnu-tools-for-stm32.10.3-2021.10.win32_1.0.0.202111181127/tools/bin/../lib/gcc/arm-none-eabi/10.3.1/thumb/v7-m/nofp/crtbegin.o

.rodata         0x000000000800cc30      0x564
                0x000000000800cc30                . = ALIGN (0x4)
 *(.rodata)
 .rodata        0x000000000800cc30       0x70 ./Core/Src/control.o
 .rodata        0x000000000800cca0        0x6 ./Core/Src/ultrasound.o
 *fill*         0x000000000800cca6        0x2 
 .rodata        0x000000000800cca8       0x10 ./Drivers/STM32F1xx_HAL_Driver/stm32f1xx_hal_rcc.o
 .rodata        0x000000000800ccb8        0xc e:/stm32cubeide/stm32cubeide/plugins/com.st.stm32cube.ide.mcu.externaltools.gnu-tools-for-stm32.10.3-2021.10.win32_1.0.0.202111181127/tools/bin/../lib/gcc/arm-none-eabi/10.3.1/../../../../arm-none-eabi/lib/thumb/v7-m/nofp\libc_nano.a(lib_a-nano-vfscanf_i.o)
 *(.rodata*)
 .rodata.AHBPrescTable
                0x000000000800ccc4       0x10 ./Core/Src/system_stm32f1xx.o
                0x000000000800ccc4                AHBPrescTable
 .rodata.APBPrescTable
                0x000000000800ccd4        0x8 ./Core/Src/system_stm32f1xx.o
                0x000000000800ccd4                APBPrescTable
 .rodata._global_impure_ptr
                0x000000000800ccdc        0x4 e:/stm32cubeide/stm32cubeide/plugins/com.st.stm32cube.ide.mcu.externaltools.gnu-tools-for-stm32.10.3-2021.10.win32_1.0.0.202111181127/tools/bin/../lib/gcc/arm-none-eabi/10.3.1/../../../../arm-none-eabi/lib/thumb/v7-m/nofp\libc_nano.a(lib_a-impure.o)
                0x000000000800ccdc                _global_impure_ptr
 .rodata._printf_float.str1.1
                0x000000000800cce0       0x10 e:/stm32cubeide/stm32cubeide/plugins/com.st.stm32cube.ide.mcu.externaltools.gnu-tools-for-stm32.10.3-2021.10.win32_1.0.0.202111181127/tools/bin/../lib/gcc/arm-none-eabi/10.3.1/../../../../arm-none-eabi/lib/thumb/v7-m/nofp\libc_nano.a(lib_a-nano-vfprintf_float.o)
                                         0x12 (size before relaxing)
 .rodata._printf_i.str1.1
                0x000000000800ccf0       0x22 e:/stm32cubeide/stm32cubeide/plugins/com.st.stm32cube.ide.mcu.externaltools.gnu-tools-for-stm32.10.3-2021.10.win32_1.0.0.202111181127/tools/bin/../lib/gcc/arm-none-eabi/10.3.1/../../../../arm-none-eabi/lib/thumb/v7-m/nofp\libc_nano.a(lib_a-nano-vfprintf_i.o)
 .rodata._scanf_float.str1.1
                0x000000000800cd12        0x5 e:/stm32cubeide/stm32cubeide/plugins/com.st.stm32cube.ide.mcu.externaltools.gnu-tools-for-stm32.10.3-2021.10.win32_1.0.0.202111181127/tools/bin/../lib/gcc/arm-none-eabi/10.3.1/../../../../arm-none-eabi/lib/thumb/v7-m/nofp\libc_nano.a(lib_a-nano-vfscanf_float.o)
                                          0x6 (size before relaxing)
 .rodata._strtod_l.str1.1
                0x000000000800cd17        0x5 e:/stm32cubeide/stm32cubeide/plugins/com.st.stm32cube.ide.mcu.externaltools.gnu-tools-for-stm32.10.3-2021.10.win32_1.0.0.202111181127/tools/bin/../lib/gcc/arm-none-eabi/10.3.1/../../../../arm-none-eabi/lib/thumb/v7-m/nofp\libc_nano.a(lib_a-strtod.o)
                                          0xd (size before relaxing)
 *fill*         0x000000000800cd17        0x1 
 .rodata.fpi.1  0x000000000800cd18       0x14 e:/stm32cubeide/stm32cubeide/plugins/com.st.stm32cube.ide.mcu.externaltools.gnu-tools-for-stm32.10.3-2021.10.win32_1.0.0.202111181127/tools/bin/../lib/gcc/arm-none-eabi/10.3.1/../../../../arm-none-eabi/lib/thumb/v7-m/nofp\libc_nano.a(lib_a-strtod.o)
 .rodata.fpinan.0
                0x000000000800cd2c       0x14 e:/stm32cubeide/stm32cubeide/plugins/com.st.stm32cube.ide.mcu.externaltools.gnu-tools-for-stm32.10.3-2021.10.win32_1.0.0.202111181127/tools/bin/../lib/gcc/arm-none-eabi/10.3.1/../../../../arm-none-eabi/lib/thumb/v7-m/nofp\libc_nano.a(lib_a-strtod.o)
 .rodata.tinytens
                0x000000000800cd40       0x28 e:/stm32cubeide/stm32cubeide/plugins/com.st.stm32cube.ide.mcu.externaltools.gnu-tools-for-stm32.10.3-2021.10.win32_1.0.0.202111181127/tools/bin/../lib/gcc/arm-none-eabi/10.3.1/../../../../arm-none-eabi/lib/thumb/v7-m/nofp\libc_nano.a(lib_a-strtod.o)
 .rodata._ctype_
                0x000000000800cd68      0x101 e:/stm32cubeide/stm32cubeide/plugins/com.st.stm32cube.ide.mcu.externaltools.gnu-tools-for-stm32.10.3-2021.10.win32_1.0.0.202111181127/tools/bin/../lib/gcc/arm-none-eabi/10.3.1/../../../../arm-none-eabi/lib/thumb/v7-m/nofp\libc_nano.a(lib_a-ctype_.o)
                0x000000000800cd68                _ctype_
 .rodata._dtoa_r.str1.1
                0x000000000800ce69       0x90 e:/stm32cubeide/stm32cubeide/plugins/com.st.stm32cube.ide.mcu.externaltools.gnu-tools-for-stm32.10.3-2021.10.win32_1.0.0.202111181127/tools/bin/../lib/gcc/arm-none-eabi/10.3.1/../../../../arm-none-eabi/lib/thumb/v7-m/nofp\libc_nano.a(lib_a-dtoa.o)
                                         0x92 (size before relaxing)
 .rodata.__gethex.str1.1
                0x000000000800cef9       0x63 e:/stm32cubeide/stm32cubeide/plugins/com.st.stm32cube.ide.mcu.externaltools.gnu-tools-for-stm32.10.3-2021.10.win32_1.0.0.202111181127/tools/bin/../lib/gcc/arm-none-eabi/10.3.1/../../../../arm-none-eabi/lib/thumb/v7-m/nofp\libc_nano.a(lib_a-gdtoa-gethex.o)
                                         0x74 (size before relaxing)
 .rodata.str1.1
                0x000000000800cf5c        0x2 e:/stm32cubeide/stm32cubeide/plugins/com.st.stm32cube.ide.mcu.externaltools.gnu-tools-for-stm32.10.3-2021.10.win32_1.0.0.202111181127/tools/bin/../lib/gcc/arm-none-eabi/10.3.1/../../../../arm-none-eabi/lib/thumb/v7-m/nofp\libc_nano.a(lib_a-lnumeric.o)
                                          0x3 (size before relaxing)
 *fill*         0x000000000800cf5e        0x2 